Component: ARM Compiler 5.06 update 3 (build 300) Tool: armlink [4d35c9]

==============================================================================

Section Cross References

    main.o(i.HAL_TIM_PeriodElapsedCallback) refers to stm32f4xx_hal.o(i.HAL_IncTick) for HAL_IncTick
    main.o(i.MX_ADC1_Init) refers to memseta.o(.text) for __aeabi_memclr4
    main.o(i.MX_ADC1_Init) refers to stm32f4xx_hal_adc.o(i.HAL_ADC_Init) for HAL_ADC_Init
    main.o(i.MX_ADC1_Init) refers to stm32f4xx_hal_adc.o(i.HAL_ADC_ConfigChannel) for HAL_ADC_ConfigChannel
    main.o(i.MX_ADC1_Init) refers to stm32f4xx_hal_adc_ex.o(i.HAL_ADCEx_InjectedConfigChannel) for HAL_ADCEx_InjectedConfigChannel
    main.o(i.MX_ADC1_Init) refers to main.o(.bss) for .bss
    main.o(i.MX_CAN1_Init) refers to stm32f4xx_hal_can.o(i.HAL_CAN_Init) for HAL_CAN_Init
    main.o(i.MX_CAN1_Init) refers to main.o(.bss) for .bss
    main.o(i.MX_GPIO_Init) refers to memseta.o(.text) for __aeabi_memclr4
    main.o(i.MX_GPIO_Init) refers to stm32f4xx_hal_gpio.o(i.HAL_GPIO_WritePin) for HAL_GPIO_WritePin
    main.o(i.MX_GPIO_Init) refers to stm32f4xx_hal_gpio.o(i.HAL_GPIO_Init) for HAL_GPIO_Init
    main.o(i.MX_SPI5_Init) refers to stm32f4xx_hal_spi.o(i.HAL_SPI_Init) for HAL_SPI_Init
    main.o(i.MX_SPI5_Init) refers to main.o(.bss) for .bss
    main.o(i.MX_TIM3_Init) refers to memseta.o(.text) for __aeabi_memclr4
    main.o(i.MX_TIM3_Init) refers to stm32f4xx_hal_tim.o(i.HAL_TIM_PWM_Init) for HAL_TIM_PWM_Init
    main.o(i.MX_TIM3_Init) refers to stm32f4xx_hal_tim_ex.o(i.HAL_TIMEx_MasterConfigSynchronization) for HAL_TIMEx_MasterConfigSynchronization
    main.o(i.MX_TIM3_Init) refers to stm32f4xx_hal_tim.o(i.HAL_TIM_PWM_ConfigChannel) for HAL_TIM_PWM_ConfigChannel
    main.o(i.MX_TIM3_Init) refers to stm32f4xx_hal_msp.o(i.HAL_TIM_MspPostInit) for HAL_TIM_MspPostInit
    main.o(i.MX_TIM3_Init) refers to main.o(.bss) for .bss
    main.o(i.MX_TIM4_Init) refers to memseta.o(.text) for __aeabi_memclr4
    main.o(i.MX_TIM4_Init) refers to stm32f4xx_hal_tim.o(i.HAL_TIM_PWM_Init) for HAL_TIM_PWM_Init
    main.o(i.MX_TIM4_Init) refers to stm32f4xx_hal_tim_ex.o(i.HAL_TIMEx_MasterConfigSynchronization) for HAL_TIMEx_MasterConfigSynchronization
    main.o(i.MX_TIM4_Init) refers to stm32f4xx_hal_tim.o(i.HAL_TIM_PWM_ConfigChannel) for HAL_TIM_PWM_ConfigChannel
    main.o(i.MX_TIM4_Init) refers to stm32f4xx_hal_msp.o(i.HAL_TIM_MspPostInit) for HAL_TIM_MspPostInit
    main.o(i.MX_TIM4_Init) refers to main.o(.bss) for .bss
    main.o(i.StartChassisCtrl) refers to cmsis_os2.o(i.osDelay) for osDelay
    main.o(i.StartCtrlIMUTemp) refers to cmsis_os2.o(i.osDelay) for osDelay
    main.o(i.StartCtrlIMUTemp) refers to main.o(.data) for .data
    main.o(i.StartDefaultTask) refers to cmsis_os2.o(i.osDelay) for osDelay
    main.o(i.StartGetGPS) refers to gps.o(i.parseGpsBuffer) for parseGpsBuffer
    main.o(i.StartGetGPS) refers to gps.o(i.printGpsBuffer) for printGpsBuffer
    main.o(i.StartGetGPS) refers to cmsis_os2.o(i.osDelay) for osDelay
    main.o(i.StartGetIMU) refers to bsp_imu.o(i.mpu_get_data) for mpu_get_data
    main.o(i.StartGetIMU) refers to bsp_imu.o(i.imu_ahrs_update) for imu_ahrs_update
    main.o(i.StartGetIMU) refers to bsp_imu.o(i.imu_attitude_update) for imu_attitude_update
    main.o(i.StartGetIMU) refers to cmsis_os2.o(i.osDelay) for osDelay
    main.o(i.StartMotorControl) refers to pid.o(i.PID_struct_init) for PID_struct_init
    main.o(i.StartMotorControl) refers to pid.o(i.pid_calc) for pid_calc
    main.o(i.StartMotorControl) refers to bsp_can.o(i.set_moto_current) for set_moto_current
    main.o(i.StartMotorControl) refers to cmsis_os2.o(i.osDelay) for osDelay
    main.o(i.StartMotorControl) refers to pid.o(.bss) for pid_spd
    main.o(i.StartMotorControl) refers to main.o(.data) for .data
    main.o(i.StartMotorControl) refers to main.o(.bss) for .bss
    main.o(i.StartMotorControl) refers to bsp.o(.data) for my_hcan1
    main.o(i.SystemClock_Config) refers to memseta.o(.text) for __aeabi_memclr4
    main.o(i.SystemClock_Config) refers to stm32f4xx_hal_rcc.o(i.HAL_RCC_OscConfig) for HAL_RCC_OscConfig
    main.o(i.SystemClock_Config) refers to stm32f4xx_hal_pwr_ex.o(i.HAL_PWREx_EnableOverDrive) for HAL_PWREx_EnableOverDrive
    main.o(i.SystemClock_Config) refers to stm32f4xx_hal_rcc.o(i.HAL_RCC_ClockConfig) for HAL_RCC_ClockConfig
    main.o(i.main) refers to stm32f4xx_hal.o(i.HAL_Init) for HAL_Init
    main.o(i.main) refers to main.o(i.SystemClock_Config) for SystemClock_Config
    main.o(i.main) refers to main.o(i.MX_GPIO_Init) for MX_GPIO_Init
    main.o(i.main) refers to main.o(i.MX_CAN1_Init) for MX_CAN1_Init
    main.o(i.main) refers to stm32f4xx_hal_uart.o(i.HAL_UART_Init) for HAL_UART_Init
    main.o(i.main) refers to main.o(i.MX_SPI5_Init) for MX_SPI5_Init
    main.o(i.main) refers to main.o(i.MX_ADC1_Init) for MX_ADC1_Init
    main.o(i.main) refers to main.o(i.MX_TIM3_Init) for MX_TIM3_Init
[...]
    .constdata                               0x080079bc   Section       16  system_stm32f4xx.o(.constdata)
    .constdata                               0x080079cc   Section        8  system_stm32f4xx.o(.constdata)
    .constdata                               0x080079d4   Section       20  bsp_imu.o(.constdata)
    .constdata                               0x080079e8   Section       80  asin.o(.constdata)
    pS                                       0x080079e8   Data          48  asin.o(.constdata)
    qS                                       0x08007a18   Data          32  asin.o(.constdata)
    .constdata                               0x08007a38   Section      152  atan.o(.constdata)
    atanhi                                   0x08007a38   Data          32  atan.o(.constdata)
    atanlo                                   0x08007a58   Data          32  atan.o(.constdata)
    aTodd                                    0x08007a78   Data          40  atan.o(.constdata)
    aTeven                                   0x08007aa0   Data          48  atan.o(.constdata)
    .constdata                               0x08007ad0   Section        8  qnan.o(.constdata)
    .conststring                             0x08007ad8   Section       82  main.o(.conststring)
    .data                                    0x20000000   Section       52  main.o(.data)
    .data                                    0x20000034   Section       12  stm32f4xx_hal.o(.data)
    .data                                    0x20000040   Section        4  system_stm32f4xx.o(.data)
    .data                                    0x20000044   Section       60  tasks.o(.data)
    pxDelayedTaskList                        0x20000048   Data           4  tasks.o(.data)
    pxOverflowDelayedTaskList                0x2000004c   Data           4  tasks.o(.data)
    uxDeletedTasksWaitingCleanUp             0x20000050   Data           4  tasks.o(.data)
    uxCurrentNumberOfTasks                   0x20000054   Data           4  tasks.o(.data)
    xTickCount                               0x20000058   Data           4  tasks.o(.data)
    uxTopReadyPriority                       0x2000005c   Data           4  tasks.o(.data)
    xSchedulerRunning                        0x20000060   Data           4  tasks.o(.data)
    uxPendedTicks                            0x20000064   Data           4  tasks.o(.data)
    xYieldPending                            0x20000068   Data           4  tasks.o(.data)
    xNumOfOverflows                          0x2000006c   Data           4  tasks.o(.data)
    uxTaskNumber                             0x20000070   Data           4  tasks.o(.data)
    xNextTaskUnblockTime                     0x20000074   Data           4  tasks.o(.data)
    xIdleTaskHandle                          0x20000078   Data           4  tasks.o(.data)
    uxSchedulerSuspended                     0x2000007c   Data           4  tasks.o(.data)
    .data                                    0x20000080   Section       20  timers.o(.data)
    pxCurrentTimerList                       0x20000080   Data           4  timers.o(.data)
    pxOverflowTimerList                      0x20000084   Data           4  timers.o(.data)
    xTimerQueue                              0x20000088   Data           4  timers.o(.data)
    xTimerTaskHandle                         0x2000008c   Data           4  timers.o(.data)
    xLastTime                                0x20000090   Data           4  timers.o(.data)
    .data                                    0x20000094   Section        4  cmsis_os2.o(.data)
    KernelState                              0x20000094   Data           4  cmsis_os2.o(.data)
    .data                                    0x20000098   Section       24  heap_4.o(.data)
    pxEnd                                    0x20000098   Data           4  heap_4.o(.data)
    xFreeBytesRemaining                      0x2000009c   Data           4  heap_4.o(.data)
    xMinimumEverFreeBytesRemaining           0x200000a0   Data           4  heap_4.o(.data)
    xBlockAllocatedBit                       0x200000a4   Data           4  heap_4.o(.data)
    xStart                                   0x200000a8   Data           8  heap_4.o(.data)
    .data                                    0x200000b0   Section       12  port.o(.data)
    ucMaxSysCallPriority                     0x200000b0   Data           1  port.o(.data)
    uxCriticalNesting                        0x200000b4   Data           4  port.o(.data)
    ulMaxPRIGROUPValue                       0x200000b8   Data           4  port.o(.data)
    .data                                    0x200000bc   Section        1  bsp_can.o(.data)
    i                                        0x200000bc   Data           1  bsp_can.o(.data)
    .data                                    0x200000c0   Section        8  bsp.o(.data)
    .data                                    0x200000c8   Section        4  usart.o(.data)
    .data                                    0x200000cc   Section       96  bsp_imu.o(.data)
    tx                                       0x200000cc   Data           1  bsp_imu.o(.data)
    rx                                       0x200000cd   Data           1  bsp_imu.o(.data)
    gx                                       0x200000ec   Data           4  bsp_imu.o(.data)
    gy                                       0x200000f0   Data           4  bsp_imu.o(.data)
    gz                                       0x200000f4   Data           4  bsp_imu.o(.data)
    ax                                       0x200000f8   Data           4  bsp_imu.o(.data)
    ay                                       0x200000fc   Data           4  bsp_imu.o(.data)
    az                                       0x20000100   Data           4  bsp_imu.o(.data)
    mx                                       0x20000104   Data           4  bsp_imu.o(.data)
    my                                       0x20000108   Data           4  bsp_imu.o(.data)
    mz                                       0x2000010c   Data           4  bsp_imu.o(.data)
    tx_buff                                  0x2000011e   Data          14  bsp_imu.o(.data)
    .data                                    0x2000012c   Section       12  protocol.o(.data)
    .data                                    0x20000138   Section        4  stdout.o(.data)
    .data                                    0x2000013c   Section        4  errno.o(.data)
    _errno                                   0x2000013c   Data           4  errno.o(.data)
    .bss                                     0x20000140   Section      760  main.o(.bss)
    .bss                                     0x20000438   Section       44  main.o(.bss)
    .bss                                     0x20000464   Section       64  stm32f4xx_hal_timebase_tim.o(.bss)
    .bss                                     0x200004a4   Section       64  queue.o(.bss)
    .bss                                     0x200004e4   Section     1220  tasks.o(.bss)
    pxReadyTasksLists                        0x200004e4   Data        1120  tasks.o(.bss)
    xDelayedTaskList1                        0x20000944   Data          20  tasks.o(.bss)
    xDelayedTaskList2                        0x20000958   Data          20  tasks.o(.bss)
    xPendingReadyList                        0x2000096c   Data          20  tasks.o(.bss)
    xTasksWaitingTermination                 0x20000980   Data          20  tasks.o(.bss)
    xSuspendedTaskList                       0x20000994   Data          20  tasks.o(.bss)
    .bss                                     0x200009a8   Section      280  timers.o(.bss)
    xActiveTimerList1                        0x200009a8   Data          20  timers.o(.bss)
    xActiveTimerList2                        0x200009bc   Data          20  timers.o(.bss)
    xStaticTimerQueue                        0x200009d0   Data          80  timers.o(.bss)
    ucStaticTimerQueueStorage                0x20000a20   Data         160  timers.o(.bss)
    .bss                                     0x20000ac0   Section     1720  cmsis_os2.o(.bss)
    Idle_TCB                                 0x20000ac0   Data          92  cmsis_os2.o(.bss)
    Idle_Stack                               0x20000b1c   Data         512  cmsis_os2.o(.bss)
    Timer_TCB                                0x20000d1c   Data          92  cmsis_os2.o(.bss)
    Timer_Stack                              0x20000d78   Data        1024  cmsis_os2.o(.bss)
    .bss                                     0x20001178   Section    15360  heap_4.o(.bss)
    ucHeap                                   0x20001178   Data       15360  heap_4.o(.bss)
    .bss                                     0x20004d78   Section      121  bsp.o(.bss)
    .bss                                     0x20004df4   Section      432  pid.o(.bss)
    .bss                                     0x20004fa4   Section      200  usart.o(.bss)
    .bss                                     0x2000506c   Section       98  bsp_imu.o(.bss)
    .bss                                     0x200050d0   Section       12  protocol.o(.bss)
    STACK                                    0x200050e0   Section     1024  startup_stm32f427xx.o(STACK)

    Global Symbols

    Symbol Name                              Value     Ov Type        Size  Object(Section)

    BuildAttributes$$THM_ISAv4$E$P$D$K$B$S$7EM$VFPi3$EXTD16$VFPS$VFMA$PE$A:L22UL41UL21$X:L11$S22US41US21$IEEE1$IW$USESV6$~STKCKD$USESV7$~SHL$OTIME$ROPI$IEEEX$EBA8$MICROLIB$REQ8$PRES8$EABIv2 0x00000000   Number         0  anon$$obj.o ABSOLUTE
    __ARM_use_no_argv                        0x00000000   Number         0  main.o ABSOLUTE
    _printf_a                                0x00000000   Number         0  stubs.o ABSOLUTE
    _printf_c                                0x00000000   Number         0  stubs.o ABSOLUTE
    _printf_charcount                        0x00000000   Number         0  stubs.o ABSOLUTE
    _printf_d                                0x00000000   Number         0  stubs.o ABSOLUTE
    _printf_e                                0x00000000   Number         0  stubs.o ABSOLUTE
    _printf_f                                0x00000000   Number         0  stubs.o ABSOLUTE
    _printf_flags                            0x00000000   Number         0  stubs.o ABSOLUTE
    _printf_fp_dec                           0x00000000   Number         0  stubs.o ABSOLUTE
    _printf_fp_hex                           0x00000000   Number         0  stubs.o ABSOLUTE
    _printf_g                                0x00000000   Number         0  stubs.o ABSOLUTE
    _printf_i                                0x00000000   Number         0  stubs.o ABSOLUTE
    _printf_int_dec                          0x00000000   Number         0  stubs.o ABSOLUTE
    _printf_l                                0x00000000   Number         0  stubs.o ABSOLUTE
    _printf_lc                               0x00000000   Number         0  stubs.o ABSOLUTE
    _printf_ll                               0x00000000   Number         0  stubs.o ABSOLUTE
    _printf_lld                              0x00000000   Number         0  stubs.o ABSOLUTE
    _printf_lli                              0x00000000   Number         0  stubs.o ABSOLUTE
    _printf_llo                              0x00000000   Number         0  stubs.o ABSOLUTE
    _printf_llu                              0x00000000   Number         0  stubs.o ABSOLUTE
    _printf_llx                              0x00000000   Number         0  stubs.o ABSOLUTE
    _printf_longlong_dec                     0x00000000   Number         0  stubs.o ABSOLUTE
    _printf_longlong_hex                     0x00000000   Number         0  stubs.o ABSOLUTE
    _printf_longlong_oct                     0x00000000   Number         0  stubs.o ABSOLUTE
    _printf_ls                               0x00000000   Number         0  stubs.o ABSOLUTE
    _printf_mbtowc                           0x00000000   Number         0  stubs.o ABSOLUTE
    _printf_n                                0x00000000   Number         0  stubs.o ABSOLUTE
    _printf_o                                0x00000000   Number         0  stubs.o ABSOLUTE
    _printf_p                                0x00000000   Number         0  stubs.o ABSOLUTE
    _printf_percent                          0x00000000   Number         0  stubs.o ABSOLUTE
    _printf_pre_padding                      0x00000000   Number         0  stubs.o ABSOLUTE
    _printf_return_value                     0x00000000   Number         0  stubs.o ABSOLUTE
    _printf_s                                0x00000000   Number         0  stubs.o ABSOLUTE
    _printf_sizespec                         0x00000000   Number         0  stubs.o ABSOLUTE
    _printf_str                              0x00000000   Number         0  stubs.o ABSOLUTE
    _printf_truncate_signed                  0x00000000   Number         0  stubs.o ABSOLUTE
    _printf_truncate_unsigned                0x00000000   Number         0  stubs.o ABSOLUTE
    _printf_u                                0x00000000   Number         0  stubs.o ABSOLUTE
    _printf_wc                               0x00000000   Number         0  stubs.o ABSOLUTE
    _printf_wctomb                           0x00000000   Number         0  stubs.o ABSOLUTE
    _printf_widthprec                        0x00000000   Number         0  stubs.o ABSOLUTE
    _printf_x                                0x00000000   Number         0  stubs.o ABSOLUTE
    __cpp_initialize__aeabi_                  - Undefined Weak Reference
    __cxa_finalize                            - Undefined Weak Reference
    _clock_init                               - Undefined Weak Reference
    _microlib_exit                            - Undefined Weak Reference
    __Vectors_Size                           0x000001ac   Number         0  startup_stm32f427xx.o ABSOLUTE
    __Vectors                                0x08000000   Data           4  startup_stm32f427xx.o(RESET)
    __Vectors_End                            0x080001ac   Data           0  startup_stm32f427xx.o(RESET)
    __main                                   0x080001ad   Thumb Code     0  entry.o(.ARM.Collect$$$$00000000)
    _main_stk                                0x080001ad   Thumb Code     0  entry2.o(.ARM.Collect$$$$00000001)
    _main_scatterload                        0x080001b1   Thumb Code     0  entry5.o(.ARM.Collect$$$$00000004)
    __main_after_scatterload                 0x080001b5   Thumb Code     0  entry5.o(.ARM.Collect$$$$00000004)
    _main_clock                              0x080001b5   Thumb Code     0  entry7b.o(.ARM.Collect$$$$00000008)
    _main_cpp_init                           0x080001b5   Thumb Code     0  entry8b.o(.ARM.Collect$$$$0000000A)
    _main_init                               0x080001b5   Thumb Code     0  entry9a.o(.ARM.Collect$$$$0000000B)
    __rt_final_cpp                           0x080001bd   Thumb Code     0  entry10a.o(.ARM.Collect$$$$0000000D)
    __rt_final_exit                          0x080001bd   Thumb Code     0  entry11a.o(.ARM.Collect$$$$0000000F)
    SVC_Handler                              0x080001c1   Thumb Code    28  port.o(.emb_text)
    __asm___6_port_c_39a90d8d__prvStartFirstTask 0x080001e1   Thumb Code    36  port.o(.emb_text)
    __asm___6_port_c_39a90d8d__prvEnableVFP  0x08000209   Thumb Code    16  port.o(.emb_text)
    PendSV_Handler                           0x0800021d   Thumb Code    88  port.o(.emb_text)
    vPortGetIPSR                             0x08000279   Thumb Code     6  port.o(.emb_text)
    Reset_Handler                            0x08000281   Thumb Code     8  startup_stm32f427xx.o(.text)
    ADC_IRQHandler                           0x0800029b   Thumb Code     0  startup_stm32f427xx.o(.text)
    CAN1_RX1_IRQHandler                      0x0800029b   Thumb Code     0  startup_stm32f427xx.o(.text)
    CAN1_SCE_IRQHandler                      0x0800029b   Thumb Code     0  startup_stm32f427xx.o(.text)
    CAN1_TX_IRQHandler                       0x0800029b   Thumb Code     0  startup_stm32f427xx.o(.text)
    CAN2_RX0_IRQHandler                      0x0800029b   Thumb Code     0  startup_stm32f427xx.o(.text)
    CAN2_RX1_IRQHandler                      0x0800029b   Thumb Code     0  startup_stm32f427xx.o(.text)
    CAN2_SCE_IRQHandler                      0x0800029b   Thumb Code     0  startup_stm32f427xx.o(.text)
    CAN2_TX_IRQHandler                       0x0800029b   Thumb Code     0  startup_stm32f427xx.o(.text)
    DCMI_IRQHandler                          0x0800029b   Thumb Code     0  startup_stm32f427xx.o(.text)
    DMA1_Stream0_IRQHandler                  0x0800029b   Thumb Code     0  startup_stm32f427xx.o(.text)
    DMA1_Stream1_IRQHandler                  0x0800029b   Thumb Code     0  startup_stm32f427xx.o(.text)
    DMA1_Stream2_IRQHandler                  0x0800029b   Thumb Code     0  startup_stm32f427xx.o(.text)
    DMA1_Stream3_IRQHandler                  0x0800029b   Thumb Code     0  startup_stm32f427xx.o(.text)
    DMA1_Stream4_IRQHandler                  0x0800029b   Thumb Code     0  startup_stm32f427xx.o(.text)
    DMA1_Stream5_IRQHandler                  0x0800029b   Thumb Code     0  startup_stm32f427xx.o(.text)
    DMA1_Stream6_IRQHandler                  0x0800029b   Thumb Code     0  startup_stm32f427xx.o(.text)
    DMA1_Stream7_IRQHandler                  0x0800029b   Thumb Code     0  startup_stm32f427xx.o(.text)
    DMA2D_IRQHandler                         0x0800029b   Thumb Code     0  startup_stm32f427xx.o(.text)
    DMA2_Stream0_IRQHandler                  0x0800029b   Thumb Code     0  startup_stm32f427xx.o(.text)
    DMA2_Stream1_IRQHandler                  0x0800029b   Thumb Code     0  startup_stm32f427xx.o(.text)
    DMA2_Stream2_IRQHandler                  0x0800029b   Thumb Code     0  startup_stm32f427xx.o(.text)
    DMA2_Stream3_IRQHandler                  0x0800029b   Thumb Code     0  startup_stm32f427xx.o(.text)
    DMA2_Stream4_IRQHandler                  0x0800029b   Thumb Code     0  startup_stm32f427xx.o(.text)
    DMA2_Stream5_IRQHandler                  0x0800029b   Thumb Code     0  startup_stm32f427xx.o(.text)
    DMA2_Stream6_IRQHandler                  0x0800029b   Thumb Code     0  startup_stm32f427xx.o(.text)
    DMA2_Stream7_IRQHandler                  0x0800029b   Thumb Code     0  startup_stm32f427xx.o(.text)
    ETH_IRQHandler                           0x0800029b   Thumb Code     0  startup_stm32f427xx.o(.text)
    ETH_WKUP_IRQHandler                      0x0800029b   Thumb Code     0  startup_stm32f427xx.o(.text)
    EXTI0_IRQHandler                         0x0800029b   Thumb Code     0  startup_stm32f427xx.o(.text)
    EXTI15_10_IRQHandler                     0x0800029b   Thumb Code     0  startup_stm32f427xx.o(.text)
    EXTI1_IRQHandler                         0x0800029b   Thumb Code     0  startup_stm32f427xx.o(.text)
    EXTI2_IRQHandler                         0x0800029b   Thumb Code     0  startup_stm32f427xx.o(.text)
    EXTI3_IRQHandler                         0x0800029b   Thumb Code     0  startup_stm32f427xx.o(.text)
    EXTI4_IRQHandler                         0x0800029b   Thumb Code     0  startup_stm32f427xx.o(.text)
    EXTI9_5_IRQHandler                       0x0800029b   Thumb Code     0  startup_stm32f427xx.o(.text)
    FLASH_IRQHandler                         0x0800029b   Thumb Code     0  startup_stm32f427xx.o(.text)
    FMC_IRQHandler                           0x0800029b   Thumb Code     0  startup_stm32f427xx.o(.text)
    FPU_IRQHandler                           0x0800029b   Thumb Code     0  startup_stm32f427xx.o(.text)
    HASH_RNG_IRQHandler                      0x0800029b   Thumb Code     0  startup_stm32f427xx.o(.text)
    I2C1_ER_IRQHandler                       0x0800029b   Thumb Code     0  startup_stm32f427xx.o(.text)
    I2C1_EV_IRQHandler                       0x0800029b   Thumb Code     0  startup_stm32f427xx.o(.text)
    I2C2_ER_IRQHandler                       0x0800029b   Thumb Code     0  startup_stm32f427xx.o(.text)
    I2C2_EV_IRQHandler                       0x0800029b   Thumb Code     0  startup_stm32f427xx.o(.text)
    I2C3_ER_IRQHandler                       0x0800029b   Thumb Code     0  startup_stm32f427xx.o(.text)
    I2C3_EV_IRQHandler                       0x0800029b   Thumb Code     0  startup_stm32f427xx.o(.text)
    OTG_FS_IRQHandler                        0x0800029b   Thumb Code     0  startup_stm32f427xx.o(.text)
    OTG_FS_WKUP_IRQHandler                   0x0800029b   Thumb Code     0  startup_stm32f427xx.o(.text)
    OTG_HS_EP1_IN_IRQHandler                 0x0800029b   Thumb Code     0  startup_stm32f427xx.o(.text)
    OTG_HS_EP1_OUT_IRQHandler                0x0800029b   Thumb Code     0  startup_stm32f427xx.o(.text)
    OTG_HS_IRQHandler                        0x0800029b   Thumb Code     0  startup_stm32f427xx.o(.text)
    OTG_HS_WKUP_IRQHandler                   0x0800029b   Thumb Code     0  startup_stm32f427xx.o(.text)
    PVD_IRQHandler                           0x0800029b   Thumb Code     0  startup_stm32f427xx.o(.text)
    RCC_IRQHandler                           0x0800029b   Thumb Code     0  startup_stm32f427xx.o(.text)
    RTC_Alarm_IRQHandler                     0x0800029b   Thumb Code     0  startup_stm32f427xx.o(.text)
    RTC_WKUP_IRQHandler                      0x0800029b   Thumb Code     0  startup_stm32f427xx.o(.text)
    SAI1_IRQHandler                          0x0800029b   Thumb Code     0  startup_stm32f427xx.o(.text)
    SDIO_IRQHandler                          0x0800029b   Thumb Code     0  startup_stm32f427xx.o(.text)
    SPI1_IRQHandler                          0x0800029b   Thumb Code     0  startup_stm32f427xx.o(.text)
    SPI2_IRQHandler                          0x0800029b   Thumb Code     0  startup_stm32f427xx.o(.text)
    SPI3_IRQHandler                          0x0800029b   Thumb Code     0  startup_stm32f427xx.o(.text)
    SPI4_IRQHandler                          0x0800029b   Thumb Code     0  startup_stm32f427xx.o(.text)
    SPI5_IRQHandler                          0x0800029b   Thumb Code     0  startup_stm32f427xx.o(.text)
    SPI6_IRQHandler                          0x0800029b   Thumb Code     0  startup_stm32f427xx.o(.text)
    TAMP_STAMP_IRQHandler                    0x0800029b   Thumb Code     0  startup_stm32f427xx.o(.text)
    TIM1_BRK_TIM9_IRQHandler                 0x0800029b   Thumb Code     0  startup_stm32f427xx.o(.text)
    TIM1_CC_IRQHandler                       0x0800029b   Thumb Code     0  startup_stm32f427xx.o(.text)
    TIM1_TRG_COM_TIM11_IRQHandler            0x0800029b   Thumb Code     0  startup_stm32f427xx.o(.text)
    TIM1_UP_TIM10_IRQHandler                 0x0800029b   Thumb Code     0  startup_stm32f427xx.o(.text)
    TIM2_IRQHandler                          0x0800029b   Thumb Code     0  startup_stm32f427xx.o(.text)
    TIM3_IRQHandler                          0x0800029b   Thumb Code     0  startup_stm32f427xx.o(.text)
    TIM4_IRQHandler                          0x0800029b   Thumb Code     0  startup_stm32f427xx.o(.text)
    TIM5_IRQHandler                          0x0800029b   Thumb Code     0  startup_stm32f427xx.o(.text)
    TIM7_IRQHandler                          0x0800029b   Thumb Code     0  startup_stm32f427xx.o(.text)
    TIM8_BRK_TIM12_IRQHandler                0x0800029b   Thumb Code     0  startup_stm32f427xx.o(.text)
    TIM8_CC_IRQHandler                       0x0800029b   Thumb Code     0  startup_stm32f427xx.o(.text)
    TIM8_TRG_COM_TIM14_IRQHandler            0x0800029b   Thumb Code     0  startup_stm32f427xx.o(.text)
    TIM8_UP_TIM13_IRQHandler                 0x0800029b   Thumb Code     0  startup_stm32f427xx.o(.text)
    UART4_IRQHandler                         0x0800029b   Thumb Code     0  startup_stm32f427xx.o(.text)
    UART5_IRQHandler                         0x0800029b   Thumb Code     0  startup_stm32f427xx.o(.text)
    USART1_IRQHandler                        0x0800029b   Thumb Code     0  startup_stm32f427xx.o(.text)
    USART2_IRQHandler                        0x0800029b   Thumb Code     0  startup_stm32f427xx.o(.text)
    WWDG_IRQHandler                          0x0800029b   Thumb Code     0  startup_stm32f427xx.o(.text)
    __aeabi_uldivmod                         0x080002a5   Thumb Code    98  uldiv.o(.text)
    __aeabi_memcpy                           0x08000307   Thumb Code    36  memcpya.o(.text)
    __aeabi_memcpy4                          0x08000307   Thumb Code     0  memcpya.o(.text)
    __aeabi_memcpy8                          0x08000307   Thumb Code     0  memcpya.o(.text)
    __aeabi_memset                           0x0800032b   Thumb Code    14  memseta.o(.text)
    __aeabi_memset4                          0x0800032b   Thumb Code     0  memseta.o(.text)
    __aeabi_memset8                          0x0800032b   Thumb Code     0  memseta.o(.text)
    __aeabi_memclr                           0x08000339   Thumb Code     4  memseta.o(.text)
    __aeabi_memclr4                          0x08000339   Thumb Code     0  memseta.o(.text)
    __aeabi_memclr8                          0x08000339   Thumb Code     0  memseta.o(.text)
    memset                                   0x0800033d   Thumb Code    18  memseta.o(.text)
    strstr                                   0x0800034f   Thumb Code    36  strstr.o(.text)
    __aeabi_dmul                             0x08000373   Thumb Code   228  dmul.o(.text)
    __aeabi_i2d                              0x08000457   Thumb Code    34  dflti.o(.text)
    __aeabi_f2d                              0x08000479   Thumb Code    38  f2d.o(.text)
    __aeabi_cdrcmple                         0x080004a1   Thumb Code    48  cdrcmple.o(.text)
    __aeabi_d2f                              0x080004d1   Thumb Code    56  d2f.o(.text)
    __aeabi_uidiv                            0x08000509   Thumb Code     0  uidiv.o(.text)
    __aeabi_uidivmod                         0x08000509   Thumb Code    44  uidiv.o(.text)
    __aeabi_llsl                             0x08000535   Thumb Code    30  llshl.o(.text)
    _ll_shift_l                              0x08000535   Thumb Code     0  llshl.o(.text)
    __aeabi_llsr                             0x08000553   Thumb Code    32  llushr.o(.text)
    _ll_ushift_r                             0x08000553   Thumb Code     0  llushr.o(.text)
    __I$use$fp                               0x08000573   Thumb Code     0  iusefp.o(.text)
    _float_round                             0x08000573   Thumb Code    18  fepilogue.o(.text)
    _float_epilogue                          0x08000585   Thumb Code    92  fepilogue.o(.text)
    _double_round                            0x080005e1   Thumb Code    30  depilogue.o(.text)
    _double_epilogue                         0x080005ff   Thumb Code   156  depilogue.o(.text)
    __aeabi_dadd                             0x0800069b   Thumb Code   322  dadd.o(.text)
    __aeabi_dsub                             0x080007dd   Thumb Code     6  dadd.o(.text)
    __aeabi_drsub                            0x080007e3   Thumb Code     6  dadd.o(.text)
    __aeabi_ddiv                             0x080007e9   Thumb Code   222  ddiv.o(.text)
    _dsqrt                                   0x080008c7   Thumb Code   162  dsqrt.o(.text)
    __aeabi_d2ulz                            0x08000969   Thumb Code    48  dfixul.o(.text)
    __scatterload                            0x08000999   Thumb Code    28  init.o(.text)
    __scatterload_rt2                        0x08000999   Thumb Code     0  init.o(.text)
    __aeabi_lasr                             0x080009bd   Thumb Code    36  llsshr.o(.text)
    _ll_sshift_r                             0x080009bd   Thumb Code     0  llsshr.o(.text)
    __decompress                             0x080009e1   Thumb Code     0  __dczerorl2.o(.text)
    __decompress1                            0x080009e1   Thumb Code    86  __dczerorl2.o(.text)
    BusFault_Handler                         0x08000b61   Thumb Code     2  stm32f4xx_it.o(i.BusFault_Handler)
    CAN1_RX0_IRQHandler                      0x08000b65   Thumb Code     6  stm32f4xx_it.o(i.CAN1_RX0_IRQHandler)
    DebugMon_Handler                         0x08000b71   Thumb Code     2  stm32f4xx_it.o(i.DebugMon_Handler)
    HAL_ADCEx_InjectedConfigChannel          0x08000b75   Thumb Code   432  stm32f4xx_hal_adc_ex.o(i.HAL_ADCEx_InjectedConfigChannel)
    HAL_ADC_ConfigChannel                    0x08000d35   Thumb Code   334  stm32f4xx_hal_adc.o(i.HAL_ADC_ConfigChannel)
    HAL_ADC_Init                             0x08000e99   Thumb Code    84  stm32f4xx_hal_adc.o(i.HAL_ADC_Init)
    HAL_ADC_MspInit                          0x08000eed   Thumb Code    30  stm32f4xx_hal_msp.o(i.HAL_ADC_MspInit)
    HAL_CAN_ActivateNotification             0x08000f15   Thumb Code    36  stm32f4xx_hal_can.o(i.HAL_CAN_ActivateNotification)
    HAL_CAN_AddTxMessage                     0x08000f39   Thumb Code   200  stm32f4xx_hal_can.o(i.HAL_CAN_AddTxMessage)
    HAL_CAN_ConfigFilter                     0x08001001   Thumb Code   262  stm32f4xx_hal_can.o(i.HAL_CAN_ConfigFilter)
    HAL_CAN_ErrorCallback                    0x0800110d   Thumb Code     2  stm32f4xx_hal_can.o(i.HAL_CAN_ErrorCallback)
    HAL_CAN_GetRxMessage                     0x0800110f   Thumb Code   232  stm32f4xx_hal_can.o(i.HAL_CAN_GetRxMessage)
    HAL_CAN_IRQHandler                       0x080011f7   Thumb Code   508  stm32f4xx_hal_can.o(i.HAL_CAN_IRQHandler)
    HAL_CAN_Init                             0x080013f3   Thumb Code   282  stm32f4xx_hal_can.o(i.HAL_CAN_Init)
    HAL_CAN_MspInit                          0x0800150d   Thumb Code   106  stm32f4xx_hal_msp.o(i.HAL_CAN_MspInit)
    HAL_CAN_RxFifo0FullCallback              0x08001585   Thumb Code     2  stm32f4xx_hal_can.o(i.HAL_CAN_RxFifo0FullCallback)
    HAL_CAN_RxFifo0MsgPendingCallback        0x08001589   Thumb Code   114  bsp_can.o(i.HAL_CAN_RxFifo0MsgPendingCallback)
    HAL_CAN_RxFifo1FullCallback              0x0800160d   Thumb Code     2  stm32f4xx_hal_can.o(i.HAL_CAN_RxFifo1FullCallback)
    HAL_CAN_RxFifo1MsgPendingCallback        0x0800160f   Thumb Code     2  stm32f4xx_hal_can.o(i.HAL_CAN_RxFifo1MsgPendingCallback)
    HAL_CAN_SleepCallback                    0x08001611   Thumb Code     2  stm32f4xx_hal_can.o(i.HAL_CAN_SleepCallback)
    HAL_CAN_Start                            0x08001615   Thumb Code    88  stm32f4xx_hal_can.o(i.HAL_CAN_Start)
    HAL_CAN_TxMailbox0AbortCallback          0x0800166d   Thumb Code     2  stm32f4xx_hal_can.o(i.HAL_CAN_TxMailbox0AbortCallback)
    HAL_CAN_TxMailbox0CompleteCallback       0x0800166f   Thumb Code     2  stm32f4xx_hal_can.o(i.HAL_CAN_TxMailbox0CompleteCallback)
    HAL_CAN_TxMailbox1AbortCallback          0x08001671   Thumb Code     2  stm32f4xx_hal_can.o(i.HAL_CAN_TxMailbox1AbortCallback)
    HAL_CAN_TxMailbox1CompleteCallback       0x08001673   Thumb Code     2  stm32f4xx_hal_can.o(i.HAL_CAN_TxMailbox1CompleteCallback)
    HAL_CAN_TxMailbox2AbortCallback          0x08001675   Thumb Code     2  stm32f4xx_hal_can.o(i.HAL_CAN_TxMailbox2AbortCallback)
    HAL_CAN_TxMailbox2CompleteCallback       0x08001677   Thumb Code     2  stm32f4xx_hal_can.o(i.HAL_CAN_TxMailbox2CompleteCallback)
    HAL_CAN_WakeUpFromRxMsgCallback          0x08001679   Thumb Code     2  stm32f4xx_hal_can.o(i.HAL_CAN_WakeUpFromRxMsgCallback)
    HAL_DMA_Abort_IT                         0x0800167b   Thumb Code    36  stm32f4xx_hal_dma.o(i.HAL_DMA_Abort_IT)
    HAL_Delay                                0x080016a1   Thumb Code    32  stm32f4xx_hal.o(i.HAL_Delay)
    HAL_GPIO_Init                            0x080016c5   Thumb Code   414  stm32f4xx_hal_gpio.o(i.HAL_GPIO_Init)
    HAL_GPIO_WritePin                        0x08001899   Thumb Code    10  stm32f4xx_hal_gpio.o(i.HAL_GPIO_WritePin)
    HAL_GetTick                              0x080018a5   Thumb Code     6  stm32f4xx_hal.o(i.HAL_GetTick)
    HAL_IncTick                              0x080018b1   Thumb Code    12  stm32f4xx_hal.o(i.HAL_IncTick)
    HAL_Init                                 0x080018c1   Thumb Code    48  stm32f4xx_hal.o(i.HAL_Init)
    HAL_InitTick                             0x080018f5   Thumb Code   100  stm32f4xx_hal_timebase_tim.o(i.HAL_InitTick)
    HAL_MspInit                              0x08001969   Thumb Code    52  stm32f4xx_hal_msp.o(i.HAL_MspInit)
    HAL_NVIC_EnableIRQ                       0x080019a1   Thumb Code    26  stm32f4xx_hal_cortex.o(i.HAL_NVIC_EnableIRQ)
    HAL_NVIC_SetPriority                     0x080019bd   Thumb Code    60  stm32f4xx_hal_cortex.o(i.HAL_NVIC_SetPriority)
    HAL_NVIC_SetPriorityGrouping             0x080019fd   Thumb Code    26  stm32f4xx_hal_cortex.o(i.HAL_NVIC_SetPriorityGrouping)
    HAL_PWREx_EnableOverDrive                0x08001a21   Thumb Code    98  stm32f4xx_hal_pwr_ex.o(i.HAL_PWREx_EnableOverDrive)
    HAL_RCC_ClockConfig                      0x08001a91   Thumb Code   288  stm32f4xx_hal_rcc.o(i.HAL_RCC_ClockConfig)
    HAL_RCC_GetClockConfig                   0x08001bc5   Thumb Code    54  stm32f4xx_hal_rcc.o(i.HAL_RCC_GetClockConfig)
    HAL_RCC_GetPCLK1Freq                     0x08001c05   Thumb Code    20  stm32f4xx_hal_rcc.o(i.HAL_RCC_GetPCLK1Freq)
    HAL_RCC_GetPCLK2Freq                     0x08001c25   Thumb Code    20  stm32f4xx_hal_rcc.o(i.HAL_RCC_GetPCLK2Freq)
    HAL_RCC_GetSysClockFreq                  0x08001c45   Thumb Code    88  stm32f4xx_hal_rcc.o(i.HAL_RCC_GetSysClockFreq)
    HAL_RCC_OscConfig                        0x08001ca9   Thumb Code   840  stm32f4xx_hal_rcc.o(i.HAL_RCC_OscConfig)
    HAL_SPI_Init                             0x08002005   Thumb Code   128  stm32f4xx_hal_spi.o(i.HAL_SPI_Init)
    HAL_SPI_MspInit                          0x08002085   Thumb Code    94  stm32f4xx_hal_msp.o(i.HAL_SPI_MspInit)
    HAL_SPI_TransmitReceive                  0x080020f1   Thumb Code   482  stm32f4xx_hal_spi.o(i.HAL_SPI_TransmitReceive)
    HAL_TIMEx_BreakCallback                  0x080022d3   Thumb Code     2  stm32f4xx_hal_tim_ex.o(i.HAL_TIMEx_BreakCallback)
    HAL_TIMEx_CommutCallback                 0x080022d5   Thumb Code     2  stm32f4xx_hal_tim_ex.o(i.HAL_TIMEx_CommutCallback)
    HAL_TIMEx_MasterConfigSynchronization    0x080022d9   Thumb Code   116  stm32f4xx_hal_tim_ex.o(i.HAL_TIMEx_MasterConfigSynchronization)
    HAL_TIM_Base_Init                        0x08002369   Thumb Code    54  stm32f4xx_hal_tim.o(i.HAL_TIM_Base_Init)
    HAL_TIM_Base_MspInit                     0x0800239f   Thumb Code     2  stm32f4xx_hal_tim.o(i.HAL_TIM_Base_MspInit)
    HAL_TIM_Base_Start_IT                    0x080023a1   Thumb Code    34  stm32f4xx_hal_tim.o(i.HAL_TIM_Base_Start_IT)
    HAL_TIM_IC_CaptureCallback               0x080023c3   Thumb Code     2  stm32f4xx_hal_tim.o(i.HAL_TIM_IC_CaptureCallback)
    HAL_TIM_IRQHandler                       0x080023c5   Thumb Code   358  stm32f4xx_hal_tim.o(i.HAL_TIM_IRQHandler)
    HAL_TIM_MspPostInit                      0x0800252d   Thumb Code   108  stm32f4xx_hal_msp.o(i.HAL_TIM_MspPostInit)
    HAL_TIM_OC_DelayElapsedCallback          0x080025ad   Thumb Code     2  stm32f4xx_hal_tim.o(i.HAL_TIM_OC_DelayElapsedCallback)
    HAL_TIM_PWM_ConfigChannel                0x080025af   Thumb Code   208  stm32f4xx_hal_tim.o(i.HAL_TIM_PWM_ConfigChannel)
    HAL_TIM_PWM_Init                         0x0800267f   Thumb Code    54  stm32f4xx_hal_tim.o(i.HAL_TIM_PWM_Init)
    HAL_TIM_PWM_MspInit                      0x080026b5   Thumb Code    52  stm32f4xx_hal_msp.o(i.HAL_TIM_PWM_MspInit)
    HAL_TIM_PWM_PulseFinishedCallback        0x080026f5   Thumb Code     2  stm32f4xx_hal_tim.o(i.HAL_TIM_PWM_PulseFinishedCallback)
    HAL_TIM_PWM_Start                        0x080026f9   Thumb Code    58  stm32f4xx_hal_tim.o(i.HAL_TIM_PWM_Start)
    HAL_TIM_PeriodElapsedCallback            0x0800273d   Thumb Code    14  main.o(i.HAL_TIM_PeriodElapsedCallback)
    HAL_TIM_TriggerCallback                  0x08002751   Thumb Code     2  stm32f4xx_hal_tim.o(i.HAL_TIM_TriggerCallback)
    HAL_UART_ErrorCallback                   0x08002753   Thumb Code     2  stm32f4xx_hal_uart.o(i.HAL_UART_ErrorCallback)
    HAL_UART_IRQHandler                      0x08002755   Thumb Code   270  stm32f4xx_hal_uart.o(i.HAL_UART_IRQHandler)
    HAL_UART_Init                            0x08002869   Thumb Code    98  stm32f4xx_hal_uart.o(i.HAL_UART_Init)
    HAL_UART_MspInit                         0x080028cd   Thumb Code   330  stm32f4xx_hal_msp.o(i.HAL_UART_MspInit)
    HAL_UART_Receive_IT                      0x08002a39   Thumb Code    82  stm32f4xx_hal_uart.o(i.HAL_UART_Receive_IT)
    HAL_UART_RxCpltCallback                  0x08002a8d   Thumb Code   172  usart.o(i.HAL_UART_RxCpltCallback)
    HAL_UART_TxCpltCallback                  0x08002b55   Thumb Code     2  stm32f4xx_hal_uart.o(i.HAL_UART_TxCpltCallback)
    HardFault_Handler                        0x08002b57   Thumb Code     2  stm32f4xx_it.o(i.HardFault_Handler)
    MemManage_Handler                        0x08002e5d   Thumb Code     2  stm32f4xx_it.o(i.MemManage_Handler)
    NMI_Handler                              0x08002e5f   Thumb Code     2  stm32f4xx_it.o(i.NMI_Handler)
    PID_struct_init                          0x08002e61   Thumb Code    16  pid.o(i.PID_struct_init)
    StartChassisCtrl                         0x08002f65   Thumb Code     8  main.o(i.StartChassisCtrl)
    StartCtrlIMUTemp                         0x08002f6d   Thumb Code   242  main.o(i.StartCtrlIMUTemp)
    StartDefaultTask                         0x08003069   Thumb Code     8  main.o(i.StartDefaultTask)
    StartGetGPS                              0x08003071   Thumb Code    20  main.o(i.StartGetGPS)
    StartGetIMU                              0x08003085   Thumb Code    20  main.o(i.StartGetIMU)
    StartMotorControl                        0x08003099   Thumb Code   374  main.o(i.StartMotorControl)
    SysTick_Handler                          0x08003239   Thumb Code    38  port.o(i.SysTick_Handler)
    SystemClock_Config                       0x08003265   Thumb Code   150  main.o(i.SystemClock_Config)
    SystemInit                               0x08003305   Thumb Code    22  system_stm32f4xx.o(i.SystemInit)
    TIM6_DAC_IRQHandler                      0x08003321   Thumb Code     6  stm32f4xx_it.o(i.TIM6_DAC_IRQHandler)
    TIM_Base_SetConfig                       0x0800332d   Thumb Code   156  stm32f4xx_hal_tim.o(i.TIM_Base_SetConfig)
    TIM_CCxChannelCmd                        0x080033f5   Thumb Code    26  stm32f4xx_hal_tim.o(i.TIM_CCxChannelCmd)
    TIM_OC2_SetConfig                        0x08003471   Thumb Code    98  stm32f4xx_hal_tim.o(i.TIM_OC2_SetConfig)
    UART7_IRQHandler                         0x08003595   Thumb Code    22  stm32f4xx_it.o(i.UART7_IRQHandler)
    UART8_IRQHandler                         0x080035b5   Thumb Code     6  stm32f4xx_it.o(i.UART8_IRQHandler)
    USART3_IRQHandler                        0x08003811   Thumb Code     6  stm32f4xx_it.o(i.USART3_IRQHandler)
    USART6_IRQHandler                        0x0800381d   Thumb Code    22  stm32f4xx_it.o(i.USART6_IRQHandler)
    UsageFault_Handler                       0x0800383d   Thumb Code     2  stm32f4xx_it.o(i.UsageFault_Handler)
    __0printf                                0x08003841   Thumb Code    22  printfa.o(i.__0printf)
    __1printf                                0x08003841   Thumb Code     0  printfa.o(i.__0printf)
    __2printf                                0x08003841   Thumb Code     0  printfa.o(i.__0printf)
    __c89printf                              0x08003841   Thumb Code     0  printfa.o(i.__0printf)
    printf                                   0x08003841   Thumb Code     0  printfa.o(i.__0printf)
    __ARM_fpclassify                         0x08003861   Thumb Code    48  fpclassify.o(i.__ARM_fpclassify)
    __hardfp_asin                            0x080038b1   Thumb Code   770  asin.o(i.__hardfp_asin)
    __hardfp_atan                            0x08003c11   Thumb Code   622  atan.o(i.__hardfp_atan)
    __hardfp_atan2                           0x08003ee9   Thumb Code   432  atan2.o(i.__hardfp_atan2)
    __hardfp_fabs                            0x080040d9   Thumb Code    20  fabs.o(i.__hardfp_fabs)
    __hardfp_sqrt                            0x080040ed   Thumb Code   122  sqrt.o(i.__hardfp_sqrt)
    __kernel_poly                            0x08004167   Thumb Code   248  poly.o(i.__kernel_poly)
    __mathlib_dbl_infnan                     0x0800425f   Thumb Code    20  dunder.o(i.__mathlib_dbl_infnan)
    __mathlib_dbl_infnan2                    0x08004273   Thumb Code    20  dunder.o(i.__mathlib_dbl_infnan2)
    __mathlib_dbl_invalid                    0x08004289   Thumb Code    24  dunder.o(i.__mathlib_dbl_invalid)
    __mathlib_dbl_underflow                  0x080042a9   Thumb Code    24  dunder.o(i.__mathlib_dbl_underflow)
    __scatterload_copy                       0x080042c9   Thumb Code    14  handlers.o(i.__scatterload_copy)
    __scatterload_null                       0x080042d7   Thumb Code     2  handlers.o(i.__scatterload_null)
    __scatterload_zeroinit                   0x080042d9   Thumb Code    14  handlers.o(i.__scatterload_zeroinit)
    __set_errno                              0x080042e9   Thumb Code     6  errno.o(i.__set_errno)
    abs_limit                                0x08004ba7   Thumb Code    42  pid.o(i.abs_limit)
    atan                                     0x08004bd1   Thumb Code    16  atan.o(i.atan)
    bsp_init                                 0x08004be1   Thumb Code   158  bsp.o(i.bsp_init)
    clrStruct                                0x08004c99   Thumb Code    62  gps.o(i.clrStruct)
    errorLog                                 0x08004cdd   Thumb Code     8  gps.o(i.errorLog)
    fabs                                     0x08004cf5   Thumb Code    24  fabs.o(i.fabs)
    fputc                                    0x08004d0d   Thumb Code    16  usart.o(i.fputc)
    get_moto_measure                         0x08004d21   Thumb Code    76  bsp_can.o(i.get_moto_measure)
    get_moto_offset                          0x08004d6d   Thumb Code    10  bsp_can.o(i.get_moto_offset)
    host_data_save                           0x08004d77   Thumb Code    14  protocol.o(i.host_data_save)
    imu_ahrs_update                          0x08004d85   Thumb Code  1194  bsp_imu.o(i.imu_ahrs_update)
    imu_attitude_update                      0x08005231   Thumb Code   346  bsp_imu.o(i.imu_attitude_update)
    init_quaternion                          0x080053a5   Thumb Code   360  bsp_imu.o(i.init_quaternion)
    inv_sqrt                                 0x08005571   Thumb Code    40  bsp_imu.o(i.inv_sqrt)
    ist8310_get_data                         0x0800559d   Thumb Code    10  bsp_imu.o(i.ist8310_get_data)
    ist8310_init                             0x080055a7   Thumb Code   256  bsp_imu.o(i.ist8310_init)
    main                                     0x08005721   Thumb Code   264  main.o(i.main)
    mpu_device_init                          0x0800585d   Thumb Code    90  bsp_imu.o(i.mpu_device_init)
    mpu_get_data                             0x080058c1   Thumb Code   234  bsp_imu.o(i.mpu_get_data)
    mpu_offset_call                          0x08005a51   Thumb Code   162  bsp_imu.o(i.mpu_offset_call)
    mpu_read_byte                            0x08005af9   Thumb Code    68  bsp_imu.o(i.mpu_read_byte)
    mpu_read_bytes                           0x08005b49   Thumb Code    80  bsp_imu.o(i.mpu_read_bytes)
    mpu_set_accel_fsr                        0x08005ba5   Thumb Code    10  bsp_imu.o(i.mpu_set_accel_fsr)
    mpu_set_gyro_fsr                         0x08005baf   Thumb Code    10  bsp_imu.o(i.mpu_set_gyro_fsr)
    mpu_write_byte                           0x08005bb9   Thumb Code    72  bsp_imu.o(i.mpu_write_byte)
    my_can_filter_init_recv_all              0x08005c0d   Thumb Code    40  bsp_can.o(i.my_can_filter_init_recv_all)
    osDelay                                  0x08005c35   Thumb Code    46  cmsis_os2.o(i.osDelay)
    osKernelInitialize                       0x08005c69   Thumb Code    48  cmsis_os2.o(i.osKernelInitialize)
    osKernelStart                            0x08005c9d   Thumb Code    56  cmsis_os2.o(i.osKernelStart)
    osThreadNew                              0x08005cd9   Thumb Code   158  cmsis_os2.o(i.osThreadNew)
    parseGpsBuffer                           0x08005d7d   Thumb Code   200  gps.o(i.parseGpsBuffer)
    pid_calc                                 0x08005e61   Thumb Code   448  pid.o(i.pid_calc)
    printGpsBuffer                           0x08006039   Thumb Code   120  gps.o(i.printGpsBuffer)
    pvPortMalloc                             0x080068c1   Thumb Code   210  heap_4.o(i.pvPortMalloc)
    pxPortInitialiseStack                    0x08006999   Thumb Code    40  port.o(i.pxPortInitialiseStack)
    set_moto_current                         0x080069c5   Thumb Code    90  bsp_can.o(i.set_moto_current)
    sqrt                                     0x08006a25   Thumb Code   110  sqrt.o(i.sqrt)
    typeA_data                               0x08006a95   Thumb Code    84  protocol.o(i.typeA_data)
    uxListRemove                             0x08006af1   Thumb Code    38  list.o(i.uxListRemove)
    vApplicationGetIdleTaskMemory            0x08006b19   Thumb Code    16  cmsis_os2.o(i.vApplicationGetIdleTaskMemory)
    vApplicationGetTimerTaskMemory           0x08006b2d   Thumb Code    18  cmsis_os2.o(i.vApplicationGetTimerTaskMemory)
    vListInitialise                          0x08006b45   Thumb Code    22  list.o(i.vListInitialise)
    vListInitialiseItem                      0x08006b5b   Thumb Code     6  list.o(i.vListInitialiseItem)
    vListInsert                              0x08006b61   Thumb Code    48  list.o(i.vListInsert)
    vListInsertEnd                           0x08006b91   Thumb Code    24  list.o(i.vListInsertEnd)
    vPortEnterCritical                       0x08006ba9   Thumb Code    54  port.o(i.vPortEnterCritical)
    vPortExitCritical                        0x08006be9   Thumb Code    34  port.o(i.vPortExitCritical)
    vPortFree                                0x08006c11   Thumb Code    88  heap_4.o(i.vPortFree)
    vPortSetupTimerInterrupt                 0x08006c6d   Thumb Code    32  port.o(i.vPortSetupTimerInterrupt)
    vPortValidateInterruptPriority           0x08006c91   Thumb Code    74  port.o(i.vPortValidateInterruptPriority)
    vQueueAddToRegistry                      0x08006ce5   Thumb Code    34  queue.o(i.vQueueAddToRegistry)
    vQueueWaitForMessageRestricted           0x08006d0d   Thumb Code    68  queue.o(i.vQueueWaitForMessageRestricted)
    vTaskDelay                               0x08006d51   Thumb Code    66  tasks.o(i.vTaskDelay)
    vTaskInternalSetTimeOutState             0x08006d9d   Thumb Code    12  tasks.o(i.vTaskInternalSetTimeOutState)
    vTaskMissedYield                         0x08006dad   Thumb Code     8  tasks.o(i.vTaskMissedYield)
    vTaskPlaceOnEventList                    0x08006db9   Thumb Code    44  tasks.o(i.vTaskPlaceOnEventList)
    vTaskPlaceOnEventListRestricted          0x08006de9   Thumb Code    52  tasks.o(i.vTaskPlaceOnEventListRestricted)
    vTaskStartScheduler                      0x08006e21   Thumb Code   118  tasks.o(i.vTaskStartScheduler)
    vTaskSuspendAll                          0x08006ea9   Thumb Code    10  tasks.o(i.vTaskSuspendAll)
    vTaskSwitchContext                       0x08006eb9   Thumb Code    90  tasks.o(i.vTaskSwitchContext)
    xPortStartScheduler                      0x08006f1d   Thumb Code   222  port.o(i.xPortStartScheduler)
    xQueueGenericCreateStatic                0x08007011   Thumb Code   102  queue.o(i.xQueueGenericCreateStatic)
    xQueueGenericReset                       0x08007079   Thumb Code   132  queue.o(i.xQueueGenericReset)
    xQueueGenericSend                        0x08007101   Thumb Code   346  queue.o(i.xQueueGenericSend)
    xQueueGenericSendFromISR                 0x08007261   Thumb Code   188  queue.o(i.xQueueGenericSendFromISR)
    xQueueReceive                            0x0800731d   Thumb Code   308  queue.o(i.xQueueReceive)
    xTaskCheckForTimeOut                     0x08007455   Thumb Code   112  tasks.o(i.xTaskCheckForTimeOut)
    xTaskCreate                              0x080074c9   Thumb Code    90  tasks.o(i.xTaskCreate)
    xTaskCreateStatic                        0x08007523   Thumb Code    86  tasks.o(i.xTaskCreateStatic)
    xTaskGetSchedulerState                   0x08007579   Thumb Code    22  tasks.o(i.xTaskGetSchedulerState)
    xTaskGetTickCount                        0x08007595   Thumb Code     6  tasks.o(i.xTaskGetTickCount)
    xTaskIncrementTick                       0x080075a1   Thumb Code   190  tasks.o(i.xTaskIncrementTick)
    xTaskPriorityDisinherit                  0x08007669   Thumb Code   118  tasks.o(i.xTaskPriorityDisinherit)
    xTaskRemoveFromEventList                 0x080076e9   Thumb Code    98  tasks.o(i.xTaskRemoveFromEventList)
    xTaskResumeAll                           0x08007759   Thumb Code   182  tasks.o(i.xTaskResumeAll)
    xTimerCreateTimerTask                    0x0800781d   Thumb Code    78  timers.o(i.xTimerCreateTimerTask)
    xTimerGenericCommand                     0x0800787d   Thumb Code    98  timers.o(i.xTimerGenericCommand)
    defaultTask_attributes                   0x080078e4   Data          36  main.o(.constdata)
    myGetGPS_attributes                      0x08007908   Data          36  main.o(.constdata)
    myMotorControl_attributes                0x0800792c   Data          36  main.o(.constdata)
    myGetIMU_attributes                      0x08007950   Data          36  main.o(.constdata)
    myCtrlIMUTemp_attributes                 0x08007974   Data          36  main.o(.constdata)
    myChassisCtrl_attributes                 0x08007998   Data          36  main.o(.constdata)
    AHBPrescTable                            0x080079bc   Data          16  system_stm32f4xx.o(.constdata)
    APBPrescTable                            0x080079cc   Data           8  system_stm32f4xx.o(.constdata)
    __mathlib_zero                           0x08007ad0   Data           8  qnan.o(.constdata)
    Region$$Table$$Base                      0x08007b2c   Number         0  anon$$obj.o(Region$$Table)
    Region$$Table$$Limit                     0x08007b4c   Number         0  anon$$obj.o(Region$$Table)
    vx                                       0x20000000   Data           4  main.o(.data)
    vy                                       0x20000004   Data           4  main.o(.data)
    omega                                    0x20000008   Data           4  main.o(.data)
    defaultTaskHandle                        0x2000000c   Data           4  main.o(.data)
    myGetGPSHandle                           0x20000010   Data           4  main.o(.data)
    myMotorControlHandle                     0x20000014   Data           4  main.o(.data)
    myGetIMUHandle                           0x20000018   Data           4  main.o(.data)
    myCtrlIMUTempHandle                      0x2000001c   Data           4  main.o(.data)
    myChassisCtrlHandle                      0x20000020   Data           4  main.o(.data)
    set_spd                                  0x20000024   Data          16  main.o(.data)
    uwTickFreq                               0x20000034   Data           1  stm32f4xx_hal.o(.data)
    uwTickPrio                               0x20000038   Data           4  stm32f4xx_hal.o(.data)
    uwTick                                   0x2000003c   Data           4  stm32f4xx_hal.o(.data)
    SystemCoreClock                          0x20000040   Data           4  system_stm32f4xx.o(.data)
    pxCurrentTCB                             0x20000044   Data           4  tasks.o(.data)
    GpsTempChar                              0x200000c0   Data           1  bsp.o(.data)
    HostTempChar                             0x200000c1   Data           1  bsp.o(.data)
    my_hcan1                                 0x200000c4   Data           4  bsp.o(.data)
    host_rx_state                            0x200000c8   Data           1  usart.o(.data)
    host_order_type                          0x200000c9   Data           1  usart.o(.data)
    point1                                   0x200000ca   Data           2  usart.o(.data)
    id                                       0x200000ce   Data           1  bsp_imu.o(.data)
    q0                                       0x200000d0   Data           4  bsp_imu.o(.data)
    q1                                       0x200000d4   Data           4  bsp_imu.o(.data)
    q2                                       0x200000d8   Data           4  bsp_imu.o(.data)
    q3                                       0x200000dc   Data           4  bsp_imu.o(.data)
    exInt                                    0x200000e0   Data           4  bsp_imu.o(.data)
    eyInt                                    0x200000e4   Data           4  bsp_imu.o(.data)
    ezInt                                    0x200000e8   Data           4  bsp_imu.o(.data)
    last_update                              0x20000110   Data           4  bsp_imu.o(.data)
    now_update                               0x20000114   Data           4  bsp_imu.o(.data)
    ist_buff                                 0x20000118   Data           6  bsp_imu.o(.data)
    typeA_count                              0x2000012c   Data           1  protocol.o(.data)
    typeA_num                                0x2000012d   Data           1  protocol.o(.data)
    typeA_float                              0x20000130   Data           4  protocol.o(.data)
    uint2float                               0x20000134   Data           4  protocol.o(.data)
    __stdout                                 0x20000138   Data           4  stdout.o(.data)
    moto_chassis                             0x20000140   Data         176  main.o(.bss)
    hadc1                                    0x200001f0   Data          72  main.o(.bss)
    hcan1                                    0x20000238   Data          40  main.o(.bss)
    hspi5                                    0x20000260   Data          88  main.o(.bss)
    htim3                                    0x200002b8   Data          64  main.o(.bss)
    htim4                                    0x200002f8   Data          64  main.o(.bss)
    huart7                                   0x20000338   Data          64  main.o(.bss)
    huart8                                   0x20000378   Data          64  main.o(.bss)
    huart3                                   0x200003b8   Data          64  main.o(.bss)
    huart6                                   0x200003f8   Data          64  main.o(.bss)
    moto_info                                0x20000438   Data          44  main.o(.bss)
    htim6                                    0x20000464   Data          64  stm32f4xx_hal_timebase_tim.o(.bss)
    xQueueRegistry                           0x200004a4   Data          64  queue.o(.bss)
    save_data                                0x20004d78   Data         121  bsp.o(.bss)
    pid_spd                                  0x20004df4   Data         432  pid.o(.bss)
    USART_RX_BUF                             0x20004fa4   Data         200  usart.o(.bss)
    imu                                      0x2000506c   Data          52  bsp_imu.o(.bss)
    mpu_buff                                 0x200050a0   Data          14  bsp_imu.o(.bss)
    mpu_data                                 0x200050ae   Data          32  bsp_imu.o(.bss)
    chassis_motion                           0x200050d0   Data          12  protocol.o(.bss)
    __initial_sp                             0x200054e0   Data           0  startup_stm32f427xx.o(STACK)



==============================================================================

Memory Map of the image

  Image Entry point : 0x080001ad

  Load Region LR_IROM1 (Base: 0x08000000, Size: 0x00007c8c, Max: 0x00200000, ABSOLUTE, COMPRESSED[0x00007b68])

    Execution Region ER_IROM1 (Base: 0x08000000, Size: 0x00007b4c, Max: 0x00200000, ABSOLUTE)

    Base Addr    Size         Type   Attr      Idx    E Section Name        Object

    0x08000000   0x000001ac   Data   RO         3893    RESET               startup_stm32f427xx.o
    0x080001ac   0x00000000   Code   RO         6158  * .ARM.Collect$$$$00000000  mc_w.l(entry.o)
    0x080001ac   0x00000004   Code   RO         6477    .ARM.Collect$$$$00000001  mc_w.l(entry2.o)
    0x080001b0   0x00000004   Code   RO         6480    .ARM.Collect$$$$00000004  mc_w.l(entry5.o)
    0x080001b4   0x00000000   Code   RO         6482    .ARM.Collect$$$$00000008  mc_w.l(entry7b.o)
    0x080001b4   0x00000000   Code   RO         6484    .ARM.Collect$$$$0000000A  mc_w.l(entry8b.o)
    0x080001b4   0x00000008   Code   RO         6485    .ARM.Collect$$$$0000000B  mc_w.l(entry9a.o)
    0x080001bc   0x00000000   Code   RO         6487    .ARM.Collect$$$$0000000D  mc_w.l(entry10a.o)
    0x080001bc   0x00000000   Code   RO         6489    .ARM.Collect$$$$0000000F  mc_w.l(entry11a.o)
    0x080001bc   0x00000004   Code   RO         6478    .ARM.Collect$$$$00002712  mc_w.l(entry2.o)
    0x080001c0   0x000000be   Code   RO         5470    .emb_text           port.o
    0x0800027e   0x00000002   PAD
    0x08000280   0x00000024   Code   RO         3894    .text               startup_stm32f427xx.o
    0x080002a4   0x00000062   Code   RO         6161    .text               mc_w.l(uldiv.o)
    0x08000306   0x00000024   Code   RO         6163    .text               mc_w.l(memcpya.o)
    0x0800032a   0x00000024   Code   RO         6167    .text               mc_w.l(memseta.o)
    0x0800034e   0x00000024   Code   RO         6169    .text               mc_w.l(strstr.o)
    0x08000372   0x000000e4   Code   RO         6434    .text               mf_w.l(dmul.o)
    0x08000456   0x00000022   Code   RO         6436    .text               mf_w.l(dflti.o)
    0x08000478   0x00000026   Code   RO         6438    .text               mf_w.l(f2d.o)
    0x0800049e   0x00000002   PAD
    0x080004a0   0x00000030   Code   RO         6440    .text               mf_w.l(cdrcmple.o)
    0x080004d0   0x00000038   Code   RO         6442    .text               mf_w.l(d2f.o)
    0x08000508   0x0000002c   Code   RO         6492    .text               mc_w.l(uidiv.o)
    0x08000534   0x0000001e   Code   RO         6494    .text               mc_w.l(llshl.o)
    0x08000552   0x00000020   Code   RO         6496    .text               mc_w.l(llushr.o)
    0x08000572   0x00000000   Code   RO         6505    .text               mc_w.l(iusefp.o)
    0x08000572   0x0000006e   Code   RO         6506    .text               mf_w.l(fepilogue.o)
    0x080005e0   0x000000ba   Code   RO         6508    .text               mf_w.l(depilogue.o)
    0x0800069a   0x0000014e   Code   RO         6510    .text               mf_w.l(dadd.o)
    0x080007e8   0x000000de   Code   RO         6512    .text               mf_w.l(ddiv.o)
    0x080008c6   0x000000a2   Code   RO         6516    .text               mf_w.l(dsqrt.o)
    0x08000968   0x00000030   Code   RO         6518    .text               mf_w.l(dfixul.o)
    0x08000998   0x00000024   Code   RO         6522    .text               mc_w.l(init.o)
    0x080009bc   0x00000024   Code   RO         6524    .text               mc_w.l(llsshr.o)
    0x080009e0   0x00000056   Code   RO         6534    .text               mc_w.l(__dczerorl2.o)
    0x08000a36   0x00000002   PAD
    0x08000a38   0x00000128   Code   RO          560    i.ADC_Init          stm32f4xx_hal_adc.o
    0x08000b60   0x00000002   Code   RO          334    i.BusFault_Handler  stm32f4xx_it.o
    0x08000b62   0x00000002   PAD
    0x08000b64   0x0000000c   Code   RO          335    i.CAN1_RX0_IRQHandler  stm32f4xx_it.o
    0x08000b70   0x00000002   Code   RO          336    i.DebugMon_Handler  stm32f4xx_it.o
    0x08000b72   0x00000002   PAD
    0x08000b74   0x000001c0   Code   RO          730    i.HAL_ADCEx_InjectedConfigChannel  stm32f4xx_hal_adc_ex.o
    0x08000d34   0x00000164   Code   RO          562    i.HAL_ADC_ConfigChannel  stm32f4xx_hal_adc.o
    0x08000e98   0x00000054   Code   RO          571    i.HAL_ADC_Init      stm32f4xx_hal_adc.o
    0x08000eec   0x00000028   Code   RO          429    i.HAL_ADC_MspInit   stm32f4xx_hal_msp.o
    0x08000f14   0x00000024   Code   RO         2047    i.HAL_CAN_ActivateNotification  stm32f4xx_hal_can.o
    0x08000f38   0x000000c8   Code   RO         2048    i.HAL_CAN_AddTxMessage  stm32f4xx_hal_can.o
    0x08001000   0x0000010c   Code   RO         2049    i.HAL_CAN_ConfigFilter  stm32f4xx_hal_can.o
    0x0800110c   0x00000002   Code   RO         2052    i.HAL_CAN_ErrorCallback  stm32f4xx_hal_can.o
    0x0800110e   0x000000e8   Code   RO         2055    i.HAL_CAN_GetRxMessage  stm32f4xx_hal_can.o
    0x080011f6   0x000001fc   Code   RO         2059    i.HAL_CAN_IRQHandler  stm32f4xx_hal_can.o
    0x080013f2   0x0000011a   Code   RO         2060    i.HAL_CAN_Init      stm32f4xx_hal_can.o
    0x0800150c   0x00000078   Code   RO          431    i.HAL_CAN_MspInit   stm32f4xx_hal_msp.o
    0x08001584   0x00000002   Code   RO         2067    i.HAL_CAN_RxFifo0FullCallback  stm32f4xx_hal_can.o
    0x08001586   0x00000002   PAD
    0x08001588   0x00000084   Code   RO         5550    i.HAL_CAN_RxFifo0MsgPendingCallback  bsp_can.o
    0x0800160c   0x00000002   Code   RO         2069    i.HAL_CAN_RxFifo1FullCallback  stm32f4xx_hal_can.o
    0x0800160e   0x00000002   Code   RO         2070    i.HAL_CAN_RxFifo1MsgPendingCallback  stm32f4xx_hal_can.o
    0x08001610   0x00000002   Code   RO         2071    i.HAL_CAN_SleepCallback  stm32f4xx_hal_can.o
    0x08001612   0x00000002   PAD
    0x08001614   0x00000058   Code   RO         2072    i.HAL_CAN_Start     stm32f4xx_hal_can.o
    0x0800166c   0x00000002   Code   RO         2074    i.HAL_CAN_TxMailbox0AbortCallback  stm32f4xx_hal_can.o
    0x0800166e   0x00000002   Code   RO         2075    i.HAL_CAN_TxMailbox0CompleteCallback  stm32f4xx_hal_can.o
    0x08001670   0x00000002   Code   RO         2076    i.HAL_CAN_TxMailbox1AbortCallback  stm32f4xx_hal_can.o
    0x08001672   0x00000002   Code   RO         2077    i.HAL_CAN_TxMailbox1CompleteCallback  stm32f4xx_hal_can.o
    0x08001674   0x00000002   Code   RO         2078    i.HAL_CAN_TxMailbox2AbortCallback  stm32f4xx_hal_can.o
    0x08001676   0x00000002   Code   RO         2079    i.HAL_CAN_TxMailbox2CompleteCallback  stm32f4xx_hal_can.o
    0x08001678   0x00000002   Code   RO         2081    i.HAL_CAN_WakeUpFromRxMsgCallback  stm32f4xx_hal_can.o
    0x0800167a   0x00000024   Code   RO         1347    i.HAL_DMA_Abort_IT  stm32f4xx_hal_dma.o
    0x0800169e   0x00000002   PAD
    0x080016a0   0x00000024   Code   RO         1783    i.HAL_Delay         stm32f4xx_hal.o
    0x080016c4   0x000001d4   Code   RO         1239    i.HAL_GPIO_Init     stm32f4xx_hal_gpio.o
    0x08001898   0x0000000a   Code   RO         1243    i.HAL_GPIO_WritePin  stm32f4xx_hal_gpio.o
    0x080018a2   0x00000002   PAD
    0x080018a4   0x0000000c   Code   RO         1791    i.HAL_GetTick       stm32f4xx_hal.o
    0x080018b0   0x00000010   Code   RO         1797    i.HAL_IncTick       stm32f4xx_hal.o
    0x080018c0   0x00000034   Code   RO         1798    i.HAL_Init          stm32f4xx_hal.o
    0x080018f4   0x00000074   Code   RO          518    i.HAL_InitTick      stm32f4xx_hal_timebase_tim.o
    0x08001968   0x00000038   Code   RO          432    i.HAL_MspInit       stm32f4xx_hal_msp.o
    0x080019a0   0x0000001a   Code   RO         1646    i.HAL_NVIC_EnableIRQ  stm32f4xx_hal_cortex.o
    0x080019ba   0x00000002   PAD
    0x080019bc   0x00000040   Code   RO         1652    i.HAL_NVIC_SetPriority  stm32f4xx_hal_cortex.o
    0x080019fc   0x00000024   Code   RO         1653    i.HAL_NVIC_SetPriorityGrouping  stm32f4xx_hal_cortex.o
    0x08001a20   0x00000070   Code   RO         1575    i.HAL_PWREx_EnableOverDrive  stm32f4xx_hal_pwr_ex.o
    0x08001a90   0x00000134   Code   RO          833    i.HAL_RCC_ClockConfig  stm32f4xx_hal_rcc.o
    0x08001bc4   0x00000040   Code   RO          837    i.HAL_RCC_GetClockConfig  stm32f4xx_hal_rcc.o
    0x08001c04   0x00000020   Code   RO          840    i.HAL_RCC_GetPCLK1Freq  stm32f4xx_hal_rcc.o
    0x08001c24   0x00000020   Code   RO          841    i.HAL_RCC_GetPCLK2Freq  stm32f4xx_hal_rcc.o
    0x08001c44   0x00000064   Code   RO          842    i.HAL_RCC_GetSysClockFreq  stm32f4xx_hal_rcc.o
    0x08001ca8   0x0000035c   Code   RO          845    i.HAL_RCC_OscConfig  stm32f4xx_hal_rcc.o
    0x08002004   0x00000080   Code   RO         2291    i.HAL_SPI_Init      stm32f4xx_hal_spi.o
    0x08002084   0x0000006c   Code   RO          434    i.HAL_SPI_MspInit   stm32f4xx_hal_msp.o
    0x080020f0   0x000001e2   Code   RO         2300    i.HAL_SPI_TransmitReceive  stm32f4xx_hal_spi.o
    0x080022d2   0x00000002   Code   RO         3279    i.HAL_TIMEx_BreakCallback  stm32f4xx_hal_tim_ex.o
    0x080022d4   0x00000002   Code   RO         3280    i.HAL_TIMEx_CommutCallback  stm32f4xx_hal_tim_ex.o
    0x080022d6   0x00000002   PAD
    0x080022d8   0x00000090   Code   RO         3297    i.HAL_TIMEx_MasterConfigSynchronization  stm32f4xx_hal_tim_ex.o
    0x08002368   0x00000036   Code   RO         2604    i.HAL_TIM_Base_Init  stm32f4xx_hal_tim.o
    0x0800239e   0x00000002   Code   RO         2606    i.HAL_TIM_Base_MspInit  stm32f4xx_hal_tim.o
    0x080023a0   0x00000022   Code   RO         2609    i.HAL_TIM_Base_Start_IT  stm32f4xx_hal_tim.o
    0x080023c2   0x00000002   Code   RO         2633    i.HAL_TIM_IC_CaptureCallback  stm32f4xx_hal_tim.o
    0x080023c4   0x00000166   Code   RO         2647    i.HAL_TIM_IRQHandler  stm32f4xx_hal_tim.o
    0x0800252a   0x00000002   PAD
    0x0800252c   0x00000080   Code   RO          435    i.HAL_TIM_MspPostInit  stm32f4xx_hal_msp.o
    0x080025ac   0x00000002   Code   RO         2650    i.HAL_TIM_OC_DelayElapsedCallback  stm32f4xx_hal_tim.o
    0x080025ae   0x000000d0   Code   RO         2671    i.HAL_TIM_PWM_ConfigChannel  stm32f4xx_hal_tim.o
    0x0800267e   0x00000036   Code   RO         2674    i.HAL_TIM_PWM_Init  stm32f4xx_hal_tim.o
    0x080026b4   0x00000040   Code   RO          437    i.HAL_TIM_PWM_MspInit  stm32f4xx_hal_msp.o
    0x080026f4   0x00000002   Code   RO         2677    i.HAL_TIM_PWM_PulseFinishedCallback  stm32f4xx_hal_tim.o
    0x080026f6   0x00000002   PAD
    0x080026f8   0x00000044   Code   RO         2679    i.HAL_TIM_PWM_Start  stm32f4xx_hal_tim.o
    0x0800273c   0x00000014   Code   RO            5    i.HAL_TIM_PeriodElapsedCallback  main.o
    0x08002750   0x00000002   Code   RO         2690    i.HAL_TIM_TriggerCallback  stm32f4xx_hal_tim.o
    0x08002752   0x00000002   Code   RO         3551    i.HAL_UART_ErrorCallback  stm32f4xx_hal_uart.o
    0x08002754   0x00000114   Code   RO         3554    i.HAL_UART_IRQHandler  stm32f4xx_hal_uart.o
    0x08002868   0x00000062   Code   RO         3555    i.HAL_UART_Init     stm32f4xx_hal_uart.o
    0x080028ca   0x00000002   PAD
    0x080028cc   0x0000016c   Code   RO          439    i.HAL_UART_MspInit  stm32f4xx_hal_msp.o
    0x08002a38   0x00000052   Code   RO         3560    i.HAL_UART_Receive_IT  stm32f4xx_hal_uart.o
    0x08002a8a   0x00000002   PAD
    0x08002a8c   0x000000c8   Code   RO         5787    i.HAL_UART_RxCpltCallback  usart.o
    0x08002b54   0x00000002   Code   RO         3566    i.HAL_UART_TxCpltCallback  stm32f4xx_hal_uart.o
    0x08002b56   0x00000002   Code   RO          337    i.HardFault_Handler  stm32f4xx_it.o
    0x08002b58   0x000000a0   Code   RO            6    i.MX_ADC1_Init      main.o
    0x08002bf8   0x00000040   Code   RO            7    i.MX_CAN1_Init      main.o
    0x08002c38   0x000000f8   Code   RO            8    i.MX_GPIO_Init      main.o
    0x08002d30   0x00000044   Code   RO            9    i.MX_SPI5_Init      main.o
    0x08002d74   0x00000074   Code   RO           10    i.MX_TIM3_Init      main.o
    0x08002de8   0x00000074   Code   RO           11    i.MX_TIM4_Init      main.o
    0x08002e5c   0x00000002   Code   RO          338    i.MemManage_Handler  stm32f4xx_it.o
    0x08002e5e   0x00000002   Code   RO          339    i.NMI_Handler       stm32f4xx_it.o
    0x08002e60   0x00000018   Code   RO         5680    i.PID_struct_init   pid.o
    0x08002e78   0x00000058   Code   RO         2329    i.SPI_EndRxTxTransaction  stm32f4xx_hal_spi.o
    0x08002ed0   0x00000094   Code   RO         2334    i.SPI_WaitFlagStateUntilTimeout  stm32f4xx_hal_spi.o
    0x08002f64   0x00000008   Code   RO           12    i.StartChassisCtrl  main.o
    0x08002f6c   0x000000fc   Code   RO           13    i.StartCtrlIMUTemp  main.o
    0x08003068   0x00000008   Code   RO           14    i.StartDefaultTask  main.o
    0x08003070   0x00000014   Code   RO           15    i.StartGetGPS       main.o
    0x08003084   0x00000014   Code   RO           16    i.StartGetIMU       main.o
    0x08003098   0x000001a0   Code   RO           17    i.StartMotorControl  main.o
    0x08003238   0x0000002c   Code   RO         5471    i.SysTick_Handler   port.o
    0x08003264   0x000000a0   Code   RO           18    i.SystemClock_Config  main.o
    0x08003304   0x0000001c   Code   RO         3857    i.SystemInit        system_stm32f4xx.o
    0x08003320   0x0000000c   Code   RO          340    i.TIM6_DAC_IRQHandler  stm32f4xx_it.o
    0x0800332c   0x000000c8   Code   RO         2692    i.TIM_Base_SetConfig  stm32f4xx_hal_tim.o
    0x080033f4   0x0000001a   Code   RO         2693    i.TIM_CCxChannelCmd  stm32f4xx_hal_tim.o
    0x0800340e   0x00000002   PAD
    0x08003410   0x00000060   Code   RO         2705    i.TIM_OC1_SetConfig  stm32f4xx_hal_tim.o
    0x08003470   0x0000006c   Code   RO         2706    i.TIM_OC2_SetConfig  stm32f4xx_hal_tim.o
    0x080034dc   0x00000068   Code   RO         2707    i.TIM_OC3_SetConfig  stm32f4xx_hal_tim.o
    0x08003544   0x00000050   Code   RO         2708    i.TIM_OC4_SetConfig  stm32f4xx_hal_tim.o
    0x08003594   0x00000020   Code   RO          341    i.UART7_IRQHandler  stm32f4xx_it.o
    0x080035b4   0x0000000c   Code   RO          342    i.UART8_IRQHandler  stm32f4xx_it.o
    0x080035c0   0x00000010   Code   RO         3568    i.UART_DMAAbortOnError  stm32f4xx_hal_uart.o
    0x080035d0   0x0000001c   Code   RO         3578    i.UART_EndRxTransfer  stm32f4xx_hal_uart.o
    0x080035ec   0x00000096   Code   RO         3580    i.UART_Receive_IT   stm32f4xx_hal_uart.o
    0x08003682   0x00000002   PAD
    0x08003684   0x00000128   Code   RO         3581    i.UART_SetConfig    stm32f4xx_hal_uart.o
    0x080037ac   0x00000062   Code   RO         3582    i.UART_Transmit_IT  stm32f4xx_hal_uart.o
    0x0800380e   0x00000002   PAD
    0x08003810   0x0000000c   Code   RO          343    i.USART3_IRQHandler  stm32f4xx_it.o
    0x0800381c   0x00000020   Code   RO          344    i.USART6_IRQHandler  stm32f4xx_it.o
    0x0800383c   0x00000002   Code   RO          345    i.UsageFault_Handler  stm32f4xx_it.o
    0x0800383e   0x00000002   PAD
    0x08003840   0x00000020   Code   RO         6406    i.__0printf         mc_w.l(printfa.o)
    0x08003860   0x00000030   Code   RO         6472    i.__ARM_fpclassify  m_wm.l(fpclassify.o)
    0x08003890   0x00000020   Code   RO         1659    i.__NVIC_SetPriority  stm32f4xx_hal_cortex.o
    0x080038b0   0x00000360   Code   RO         6114    i.__hardfp_asin     m_wm.l(asin.o)
    0x08003c10   0x000002d8   Code   RO         6444    i.__hardfp_atan     m_wm.l(atan.o)
    0x08003ee8   0x000001f0   Code   RO         6128    i.__hardfp_atan2    m_wm.l(atan2.o)
    0x080040d8   0x00000014   Code   RO         6140    i.__hardfp_fabs     m_wm.l(fabs.o)
    0x080040ec   0x0000007a   Code   RO         6146    i.__hardfp_sqrt     m_wm.l(sqrt.o)
    0x08004166   0x000000f8   Code   RO         6474    i.__kernel_poly     m_wm.l(poly.o)
    0x0800425e   0x00000014   Code   RO         6459    i.__mathlib_dbl_infnan  m_wm.l(dunder.o)
    0x08004272   0x00000014   Code   RO         6460    i.__mathlib_dbl_infnan2  m_wm.l(dunder.o)
    0x08004286   0x00000002   PAD
    0x08004288   0x00000020   Code   RO         6461    i.__mathlib_dbl_invalid  m_wm.l(dunder.o)
    0x080042a8   0x00000020   Code   RO         6464    i.__mathlib_dbl_underflow  m_wm.l(dunder.o)
    0x080042c8   0x0000000e   Code   RO         6528    i.__scatterload_copy  mc_w.l(handlers.o)
    0x080042d6   0x00000002   Code   RO         6529    i.__scatterload_null  mc_w.l(handlers.o)
    0x080042d8   0x0000000e   Code   RO         6530    i.__scatterload_zeroinit  mc_w.l(handlers.o)
    0x080042e6   0x00000002   PAD
    0x080042e8   0x0000000c   Code   RO         6500    i.__set_errno       mc_w.l(errno.o)
    0x080042f4   0x00000184   Code   RO         6413    i._fp_digits        mc_w.l(printfa.o)
    0x08004478   0x000006dc   Code   RO         6414    i._printf_core      mc_w.l(printfa.o)
    0x08004b54   0x00000024   Code   RO         6415    i._printf_post_padding  mc_w.l(printfa.o)
    0x08004b78   0x0000002e   Code   RO         6416    i._printf_pre_padding  mc_w.l(printfa.o)
    0x08004ba6   0x0000002a   Code   RO         5681    i.abs_limit         pid.o
    0x08004bd0   0x00000010   Code   RO         6446    i.atan              m_wm.l(atan.o)
    0x08004be0   0x000000b8   Code   RO         5624    i.bsp_init          bsp.o
    0x08004c98   0x00000044   Code   RO         5749    i.clrStruct         gps.o
    0x08004cdc   0x00000018   Code   RO         5750    i.errorLog          gps.o
    0x08004cf4   0x00000018   Code   RO         6142    i.fabs              m_wm.l(fabs.o)
    0x08004d0c   0x00000014   Code   RO         5789    i.fputc             usart.o
    0x08004d20   0x0000004c   Code   RO         5553    i.get_moto_measure  bsp_can.o
    0x08004d6c   0x0000000a   Code   RO         5554    i.get_moto_offset   bsp_can.o
    0x08004d76   0x0000000e   Code   RO         6083    i.host_data_save    protocol.o
    0x08004d84   0x000004aa   Code   RO         5842    i.imu_ahrs_update   bsp_imu.o
    0x0800522e   0x00000002   PAD
    0x08005230   0x00000174   Code   RO         5843    i.imu_attitude_update  bsp_imu.o
    0x080053a4   0x000001cc   Code   RO         5844    i.init_quaternion   bsp_imu.o
    0x08005570   0x0000002c   Code   RO         5845    i.inv_sqrt          bsp_imu.o
    0x0800559c   0x0000000a   Code   RO         5846    i.ist8310_get_data  bsp_imu.o
    0x080055a6   0x00000100   Code   RO         5847    i.ist8310_init      bsp_imu.o
    0x080056a6   0x00000038   Code   RO         5848    i.ist_reg_read_by_mpu  bsp_imu.o
    0x080056de   0x00000042   Code   RO         5849    i.ist_reg_write_by_mpu  bsp_imu.o
    0x08005720   0x0000013c   Code   RO           19    i.main              main.o
    0x0800585c   0x00000064   Code   RO         5850    i.mpu_device_init   bsp_imu.o
    0x080058c0   0x00000100   Code   RO         5851    i.mpu_get_data      bsp_imu.o
    0x080059c0   0x0000008e   Code   RO         5852    i.mpu_master_i2c_auto_read_config  bsp_imu.o
    0x08005a4e   0x00000002   PAD
    0x08005a50   0x000000a8   Code   RO         5853    i.mpu_offset_call   bsp_imu.o
    0x08005af8   0x00000050   Code   RO         5854    i.mpu_read_byte     bsp_imu.o
    0x08005b48   0x0000005c   Code   RO         5855    i.mpu_read_bytes    bsp_imu.o
    0x08005ba4   0x0000000a   Code   RO         5856    i.mpu_set_accel_fsr  bsp_imu.o
    0x08005bae   0x0000000a   Code   RO         5857    i.mpu_set_gyro_fsr  bsp_imu.o
    0x08005bb8   0x00000054   Code   RO         5858    i.mpu_write_byte    bsp_imu.o
    0x08005c0c   0x00000028   Code   RO         5556    i.my_can_filter_init_recv_all  bsp_can.o
    0x08005c34   0x00000034   Code   RO         4991    i.osDelay           cmsis_os2.o
    0x08005c68   0x00000034   Code   RO         5005    i.osKernelInitialize  cmsis_os2.o
    0x08005c9c   0x0000003c   Code   RO         5008    i.osKernelStart     cmsis_os2.o
    0x08005cd8   0x000000a4   Code   RO         5041    i.osThreadNew       cmsis_os2.o
    0x08005d7c   0x000000e4   Code   RO         5751    i.parseGpsBuffer    gps.o
    0x08005e60   0x000001c4   Code   RO         5682    i.pid_calc          pid.o
    0x08006024   0x0000000e   Code   RO         5683    i.pid_param_init    pid.o
    0x08006032   0x00000006   Code   RO         5684    i.pid_reset         pid.o
    0x08006038   0x000000f4   Code   RO         5752    i.printGpsBuffer    gps.o
    0x0800612c   0x0000005c   Code   RO         4472    i.prvAddCurrentTaskToDelayedList  tasks.o
    0x08006188   0x000000d0   Code   RO         4473    i.prvAddNewTaskToReadyList  tasks.o
    0x08006258   0x00000058   Code   RO         4825    i.prvCheckForValidListAndQueue  timers.o
    0x080062b0   0x00000026   Code   RO         4069    i.prvCopyDataFromQueue  queue.o
    0x080062d6   0x0000006c   Code   RO         4070    i.prvCopyDataToQueue  queue.o
    0x08006342   0x00000034   Code   RO         4474    i.prvDeleteTCB      tasks.o
    0x08006376   0x00000002   PAD
    0x08006378   0x0000004c   Code   RO         5421    i.prvHeapInit       heap_4.o
    0x080063c4   0x00000060   Code   RO         4475    i.prvIdleTask       tasks.o
    0x08006424   0x00000022   Code   RO         4072    i.prvInitialiseNewQueue  queue.o
    0x08006446   0x00000002   PAD
    0x08006448   0x000000b0   Code   RO         4476    i.prvInitialiseNewTask  tasks.o
    0x080064f8   0x0000004c   Code   RO         5422    i.prvInsertBlockIntoFreeList  heap_4.o
    0x08006544   0x00000038   Code   RO         4827    i.prvInsertTimerInActiveList  timers.o
    0x0800657c   0x0000001c   Code   RO         4073    i.prvIsQueueEmpty   queue.o
    0x08006598   0x000000fc   Code   RO         4828    i.prvProcessReceivedCommands  timers.o
    0x08006694   0x000000c0   Code   RO         4829    i.prvProcessTimerOrBlockTask  timers.o
    0x08006754   0x00000020   Code   RO         4478    i.prvResetNextTaskUnblockTime  tasks.o
    0x08006774   0x00000028   Code   RO         4830    i.prvSampleTimeNow  timers.o
    0x0800679c   0x0000006c   Code   RO         4831    i.prvSwitchTimerLists  timers.o
    0x08006808   0x00000028   Code   RO         5472    i.prvTaskExitError  port.o
    0x08006830   0x00000024   Code   RO         4832    i.prvTimerTask      timers.o
    0x08006854   0x0000006a   Code   RO         4074    i.prvUnlockQueue    queue.o
    0x080068be   0x00000002   PAD
    0x080068c0   0x000000d8   Code   RO         5423    i.pvPortMalloc      heap_4.o
    0x08006998   0x0000002c   Code   RO         5473    i.pxPortInitialiseStack  port.o
    0x080069c4   0x00000060   Code   RO         5557    i.set_moto_current  bsp_can.o
    0x08006a24   0x0000006e   Code   RO         6148    i.sqrt              m_wm.l(sqrt.o)
    0x08006a92   0x00000002   PAD
    0x08006a94   0x0000005c   Code   RO         6084    i.typeA_data        protocol.o
    0x08006af0   0x00000026   Code   RO         4029    i.uxListRemove      list.o
    0x08006b16   0x00000002   PAD
    0x08006b18   0x00000014   Code   RO         5053    i.vApplicationGetIdleTaskMemory  cmsis_os2.o
    0x08006b2c   0x00000018   Code   RO         5054    i.vApplicationGetTimerTaskMemory  cmsis_os2.o
    0x08006b44   0x00000016   Code   RO         4030    i.vListInitialise   list.o
    0x08006b5a   0x00000006   Code   RO         4031    i.vListInitialiseItem  list.o
    0x08006b60   0x00000030   Code   RO         4032    i.vListInsert       list.o
    0x08006b90   0x00000018   Code   RO         4033    i.vListInsertEnd    list.o
    0x08006ba8   0x00000040   Code   RO         5475    i.vPortEnterCritical  port.o
    0x08006be8   0x00000028   Code   RO         5476    i.vPortExitCritical  port.o
    0x08006c10   0x0000005c   Code   RO         5424    i.vPortFree         heap_4.o
    0x08006c6c   0x00000024   Code   RO         5477    i.vPortSetupTimerInterrupt  port.o
    0x08006c90   0x00000054   Code   RO         5478    i.vPortValidateInterruptPriority  port.o
    0x08006ce4   0x00000028   Code   RO         4080    i.vQueueAddToRegistry  queue.o
    0x08006d0c   0x00000044   Code   RO         4084    i.vQueueWaitForMessageRestricted  queue.o
    0x08006d50   0x0000004c   Code   RO         4490    i.vTaskDelay        tasks.o
    0x08006d9c   0x00000010   Code   RO         4495    i.vTaskInternalSetTimeOutState  tasks.o
    0x08006dac   0x0000000c   Code   RO         4496    i.vTaskMissedYield  tasks.o
    0x08006db8   0x00000030   Code   RO         4498    i.vTaskPlaceOnEventList  tasks.o
    0x08006de8   0x00000038   Code   RO         4499    i.vTaskPlaceOnEventListRestricted  tasks.o
    0x08006e20   0x00000088   Code   RO         4507    i.vTaskStartScheduler  tasks.o
    0x08006ea8   0x00000010   Code   RO         4509    i.vTaskSuspendAll   tasks.o
    0x08006eb8   0x00000064   Code   RO         4510    i.vTaskSwitchContext  tasks.o
    0x08006f1c   0x000000f4   Code   RO         5479    i.xPortStartScheduler  port.o
    0x08007010   0x00000066   Code   RO         4090    i.xQueueGenericCreateStatic  queue.o
    0x08007076   0x00000002   PAD
    0x08007078   0x00000088   Code   RO         4091    i.xQueueGenericReset  queue.o
    0x08007100   0x00000160   Code   RO         4092    i.xQueueGenericSend  queue.o
    0x08007260   0x000000bc   Code   RO         4093    i.xQueueGenericSendFromISR  queue.o
    0x0800731c   0x00000138   Code   RO         4102    i.xQueueReceive     queue.o
    0x08007454   0x00000074   Code   RO         4511    i.xTaskCheckForTimeOut  tasks.o
    0x080074c8   0x0000005a   Code   RO         4512    i.xTaskCreate       tasks.o
    0x08007522   0x00000056   Code   RO         4513    i.xTaskCreateStatic  tasks.o
    0x08007578   0x0000001c   Code   RO         4517    i.xTaskGetSchedulerState  tasks.o
    0x08007594   0x0000000c   Code   RO         4518    i.xTaskGetTickCount  tasks.o
    0x080075a0   0x000000c8   Code   RO         4520    i.xTaskIncrementTick  tasks.o
    0x08007668   0x00000080   Code   RO         4523    i.xTaskPriorityDisinherit  tasks.o
    0x080076e8   0x00000070   Code   RO         4525    i.xTaskRemoveFromEventList  tasks.o
    0x08007758   0x000000c4   Code   RO         4526    i.xTaskResumeAll    tasks.o
    0x0800781c   0x00000060   Code   RO         4840    i.xTimerCreateTimerTask  timers.o
    0x0800787c   0x00000068   Code   RO         4841    i.xTimerGenericCommand  timers.o
    0x080078e4   0x000000d8   Data   RO           22    .constdata          main.o
    0x080079bc   0x00000010   Data   RO         3858    .constdata          system_stm32f4xx.o
    0x080079cc   0x00000008   Data   RO         3859    .constdata          system_stm32f4xx.o
    0x080079d4   0x00000014   Data   RO         5860    .constdata          bsp_imu.o
    0x080079e8   0x00000050   Data   RO         6117    .constdata          m_wm.l(asin.o)
    0x08007a38   0x00000098   Data   RO         6447    .constdata          m_wm.l(atan.o)
    0x08007ad0   0x00000008   Data   RO         6476    .constdata          m_wm.l(qnan.o)
    0x08007ad8   0x00000052   Data   RO           23    .conststring        main.o
    0x08007b2a   0x00000002   PAD
    0x08007b2c   0x00000020   Data   RO         6526    Region$$Table       anon$$obj.o


    Execution Region RW_IRAM2 (Base: 0x10000000, Size: 0x00000000, Max: 0x00010000, ABSOLUTE)

    **** No section assigned to this execution region ****


    Execution Region RW_IRAM1 (Base: 0x20000000, Size: 0x000054e0, Max: 0x00030000, ABSOLUTE, COMPRESSED[0x0000001c])

    Base Addr    Size         Type   Attr      Idx    E Section Name        Object

    0x20000000   0x00000034   Data   RW           24    .data               main.o
    0x20000034   0x0000000c   Data   RW         1805    .data               stm32f4xx_hal.o
    0x20000040   0x00000004   Data   RW         3860    .data               system_stm32f4xx.o
    0x20000044   0x0000003c   Data   RW         4529    .data               tasks.o
    0x20000080   0x00000014   Data   RW         4849    .data               timers.o
    0x20000094   0x00000004   Data   RW         5056    .data               cmsis_os2.o
    0x20000098   0x00000018   Data   RW         5429    .data               heap_4.o
    0x200000b0   0x0000000c   Data   RW         5480    .data               port.o
    0x200000bc   0x00000001   Data   RW         5558    .data               bsp_can.o
    0x200000bd   0x00000003   PAD
    0x200000c0   0x00000008   Data   RW         5627    .data               bsp.o
    0x200000c8   0x00000004   Data   RW         5791    .data               usart.o
    0x200000cc   0x00000060   Data   RW         5861    .data               bsp_imu.o
    0x2000012c   0x0000000c   Data   RW         6086    .data               protocol.o
    0x20000138   0x00000004   Data   RW         6491    .data               mc_w.l(stdout.o)
    0x2000013c   0x00000004   Data   RW         6501    .data               mc_w.l(errno.o)
    0x20000140   0x000002f8   Zero   RW           20    .bss                main.o
    0x20000438   0x0000002c   Zero   RW           21    .bss                main.o
    0x20000464   0x00000040   Zero   RW          521    .bss                stm32f4xx_hal_timebase_tim.o
    0x200004a4   0x00000040   Zero   RW         4106    .bss                queue.o
    0x200004e4   0x000004c4   Zero   RW         4528    .bss                tasks.o
    0x200009a8   0x00000118   Zero   RW         4848    .bss                timers.o
    0x20000ac0   0x000006b8   Zero   RW         5055    .bss                cmsis_os2.o
    0x20001178   0x00003c00   Zero   RW         5428    .bss                heap_4.o
    0x20004d78   0x00000079   Zero   RW         5626    .bss                bsp.o
    0x20004df1   0x00000003   PAD
    0x20004df4   0x000001b0   Zero   RW         5690    .bss                pid.o
    0x20004fa4   0x000000c8   Zero   RW         5790    .bss                usart.o
    0x2000506c   0x00000062   Zero   RW         5859    .bss                bsp_imu.o
    0x200050ce   0x00000002   PAD
    0x200050d0   0x0000000c   Zero   RW         6085    .bss                protocol.o
    0x200050dc   0x00000004   PAD
    0x200050e0   0x00000400   Zero   RW         3891    STACK               startup_stm32f427xx.o


==============================================================================

Image component sizes


      Code (inc. data)   RO Data    RW Data    ZI Data      Debug   Object Name

       184         26          0          8        121       3452   bsp.o
       354         24          0          1          0       5289   bsp_can.o
      3400        222         20         96         98      13328   bsp_imu.o
       372         30          0          4       1720      30202   cmsis_os2.o
         0          0          0          0          0      18340   event_groups.o
       564        182          0          0          0       2637   gps.o
       460         24          0         24      15360       4723   heap_4.o
       138          0          0          0          0       3494   list.o
      1992        200        298         52        804     797333   main.o
       538         12          0          0        432       5156   pid.o
       786         82          0         12          0      11473   port.o
       106          8          0         12         12       1824   protocol.o
      1512         20          0          0         64      17256   queue.o
        36          8        428          0       1024        796   startup_stm32f427xx.o
       116         18          0         12          0       8794   stm32f4xx_hal.o
       736         34          0          0          0       2855   stm32f4xx_hal_adc.o
       448         16          0          0          0       1498   stm32f4xx_hal_adc_ex.o
      1638          6          0          0          0      14083   stm32f4xx_hal_can.o
       158         14          0          0          0      33114   stm32f4xx_hal_cortex.o
        36          0          0          0          0       1195   stm32f4xx_hal_dma.o
       478         54          0          0          0       2388   stm32f4xx_hal_gpio.o
       880        108          0          0          0       5255   stm32f4xx_hal_msp.o
       112         14          0          0          0       1268   stm32f4xx_hal_pwr_ex.o
      1396         86          0          0          0       5821   stm32f4xx_hal_rcc.o
       846          8          0          0          0       4689   stm32f4xx_hal_spi.o
      1400         90          0          0          0      13047   stm32f4xx_hal_tim.o
       148         28          0          0          0       2417   stm32f4xx_hal_tim_ex.o
       116         16          0          0         64       1367   stm32f4xx_hal_timebase_tim.o
      1048         16          0          0          0       7615   stm32f4xx_hal_uart.o
       124         44          0          0          0       5467   stm32f4xx_it.o
         0          0          0          0          0        408   stream_buffer.o
        28          6         24          4          0       1103   system_stm32f4xx.o
      2084        170          0         60       1220      26680   tasks.o
       972         80          0         20        280      31867   timers.o
       220         32          0          4        200       3223   usart.o

    ----------------------------------------------------------------------
     23474       1678        804        312      21408    1089457   Object Totals
         0          0         32          0          0          0   (incl. Generated)
        48          0          2          3          9          0   (incl. Padding)

    ----------------------------------------------------------------------

      Code (inc. data)   RO Data    RW Data    ZI Data      Debug   Library Member Name

       864         94         80          0          0        280   asin.o
       744        106        152          0          0        352   atan.o
       496         64          0          0          0        192   atan2.o
       104         16          0          0          0        496   dunder.o
        44          0          0          0          0        248   fabs.o
        48          0          0          0          0        124   fpclassify.o
       248          0          0          0          0        152   poly.o
         0          0          8          0          0          0   qnan.o
       232          0          0          0          0        296   sqrt.o
        86          0          0          0          0          0   __dczerorl2.o
         0          0          0          0          0          0   entry.o
         0          0          0          0          0          0   entry10a.o
         0          0          0          0          0          0   entry11a.o
         8          4          0          0          0          0   entry2.o
         4          0          0          0          0          0   entry5.o
         0          0          0          0          0          0   entry7b.o
         0          0          0          0          0          0   entry8b.o
         8          4          0          0          0          0   entry9a.o
        12          6          0          4          0         68   errno.o
        30          0          0          0          0          0   handlers.o
        36          8          0          0          0         68   init.o
         0          0          0          0          0          0   iusefp.o
        30          0          0          0          0         68   llshl.o
        36          0          0          0          0         68   llsshr.o
        32          0          0          0          0         68   llushr.o
        36          0          0          0          0         68   memcpya.o
        36          0          0          0          0        108   memseta.o
      2258         90          0          0          0        452   printfa.o
         0          0          0          4          0          0   stdout.o
        36          0          0          0          0         80   strstr.o
        44          0          0          0          0         80   uidiv.o
        98          0          0          0          0         92   uldiv.o
        48          0          0          0          0         68   cdrcmple.o
        56          0          0          0          0         88   d2f.o
       334          0          0          0          0        148   dadd.o
       222          0          0          0          0        100   ddiv.o
       186          0          0          0          0        176   depilogue.o
        48          0          0          0          0         68   dfixul.o
        34          0          0          0          0         76   dflti.o
       228          0          0          0          0         96   dmul.o
       162          0          0          0          0        100   dsqrt.o
        38          0          0          0          0         68   f2d.o
       110          0          0          0          0        168   fepilogue.o

    ----------------------------------------------------------------------
      7046        392        240          8          0       4516   Library Totals
        10          0          0          0          0          0   (incl. Padding)

    ----------------------------------------------------------------------

      Code (inc. data)   RO Data    RW Data    ZI Data      Debug   Library Name

      2780        280        240          0          0       2140   m_wm.l
      2790        112          0          8          0       1220   mc_w.l
      1466          0          0          0          0       1156   mf_w.l

    ----------------------------------------------------------------------
      7046        392        240          8          0       4516   Library Totals

    ----------------------------------------------------------------------

==============================================================================


      Code (inc. data)   RO Data    RW Data    ZI Data      Debug   

     30520       2070       1044        320      21408    1071461   Grand Totals
     30520       2070       1044         28      21408    1071461   ELF Image Totals (compressed)
     30520       2070       1044         28          0          0   ROM Totals

==============================================================================

    Total RO  Size (Code + RO Data)                31564 (  30.82kB)
    Total RW  Size (RW Data + ZI Data)             21728 (  21.22kB)
    Total ROM Size (Code + RO Data + RW Data)      31592 (  30.85kB)

==============================================================================

